https://api.telegram.org/bot123456AAABBB/setWebhook?url=http%3A%2F%2Flocalhost%2Ftelegraph%2F123456AAABBB%2Fwebhook