https://api.telegram.org/bot123456AAABBB/getWebhookInfo