url: 'https://api.telegram.org/bot3f3814e1-5836-3d77-904e-60f64b15df36/sendDocument'
payload:
    chat_id: '-123456789'
files:
    document: { contents: "Hello!\n", filename: test.txt }
    thumb: { contents: !!binary /9j/4AAQSkZJRgABAQAAAQABAAD/4QDeRXhpZgAASUkqAAgAAAAGABIBAwABAAAAAQAAABoBBQABAAAAVgAAABsBBQABAAAAXgAAACgBAwABAAAAAgAAABMCAwABAAAAAQAAAGmHBAABAAAAZgAAAAAAAAA4YwAA6AMAADhjAADoAwAABwAAkAcABAAAADAyMTABkQcABAAAAAECAwCGkgcAFgAAAMAAAAAAoAcABAAAADAxMDABoAMAAQAAAP//AAACoAQAAQAAAEABAAADoAQAAQAAAEABAAAAAAAAQVNDSUkAAABQaWNzdW0gSUQ6IDYzN//bAEMACAYGBwYFCAcHBwkJCAoMFA0MCwsMGRITDxQdGh8eHRocHCAkLicgIiwjHBwoNyksMDE0NDQfJzk9ODI8LjM0Mv/bAEMBCQkJDAsMGA0NGDIhHCEyMjIyMjIyMjIyMjIyMjIyMjIyMjIyMjIyMjIyMjIyMjIyMjIyMjIyMjIyMjIyMjIyMv/CABEIAUABQAMBIgACEQEDEQH/xAAbAAADAAMBAQAAAAAAAAAAAAAAAQIDBAYFB//EABgBAQEBAQEAAAAAAAAAAAAAAAABAgME/9oADAMBAAIQAxAAAAH32ztyTYIbENiGCKJUNktghskoEqCWwQwQwQwSoJKCRghhJQQUySmSUKiiJbZJQS6CSgltrJQSUElBJQSUElBJQklCwWkkoJVhDblltklAigltklAihZKBDZJRElBJQSUElBJRUjBKgkoJKCSkS6IltklAiglsEUSy2CKCSgQwQwlsEMEqCSgkoJKCRglQSUEtskoENktkIbJbBDBFBLYIYJUha3g8nvH0DZ+eehrPenO9HjoijNkoJKCRghhI9WtoZmpsEME2CGCGAMEMEMEMF4nufM9TzNrB9KufH8P6L50vI9Jy29249sRk8/oQwQwQAh4zz/nuXX6Y+sA+XQAoBiYAAAMAAAAAADQ+Y9vxm+ft974HQZ0lRNcRHseV24dH6fhe9z6CZnaGgADlup+c3Pk91yf0yxgc+gADTQAACmJgAAAAAAcV4Xra3Xl2+9iy8uoAefyva/PN8+n6HnOiVgY2IIACPln0j530x0PYeJ7eNI0Zx09A86k9A0spsGOlpyJRJVCBmNGV6QbqxUcLtau/249ZWOePbMatmX5p9D+adOfd+1zftZ1tGveNZTGFkNfP4jtuJ68u29LzNzn05E6x7xyJ1oco+qDln1DOYfSM5y/fZz0dGzlzp0cydMWcy+mRwHuefv6xU9E875tdIHM879G+dbx1Ors+1m8trdmzjK69HG73Ro5vzOt5Gz29b29ia9Jo49WIpuSyiQol0OQokSklVOWMiTjdrU2unLqaxXz6ZEktfM/o3zffPq/f573pcqxqay1DLnFBHCdtw+sdv6HmehnXg5ePGvoex8zzR9Ev55mTvp5bePbPP2TO9Szaeul2zWRsTjLGkJyGbDl3z6u8N461hyJMHz76J876Y6j0fH9zNi9bw7OovVyzSx1q3OXi+r5qzrvQ53NnXIuCbohjBibCaGl+j5ge96nG0d3sfPKj6O/neyvdnE7SY8Opm6c+1vzqxvcnUx3O5897XjNTe9zw/Sl5/Jqetcm3mxy0b+ePJPY4y32zf9DN+fPGN5EmJsGKgBiGLI2jJkyPEkzTiox+p5Xp75vT3dDHTc2vJDoecrV1j2vU8jVNfoef9+56bS5946dbHNadnV8J03N6z1JW/m8CTU6A2DkKigxZ5aVUNaJYmmJgMQYfQ8/f3yyae1qY6uRC1drV1j1MbLnS9vwvas0cN4M9LxZ1KmFz0OCPFhEtoV0Q7iV1DMix0NNFOGW8UmyYkZVjCd/zvQ3zNXa1M7aEGvsYNZ3pTuND1PL9RdfF6HnY3lUtQoufR8j1NU1SCaoTByFuBacJMl4aLUBlUhZAtmNQ/S83e3zennyS6q2cE0sLmzZvDl1z8/1PJ3QvDOOuda6XLrqWdqtM1nKUZ3LGMKiS2sOwlWEOpCoxmxOBVmMEJkiGm1l0Sz1V5ee59PSJ1KyalRrbuptKo2Zx0wVSJjIzHGZEmEMxiZkMdFJglks13nZgWyGstlGHK7IxbtJpT62U8COnyJyp1knKZZnUzbGLJrMbGDbNSlOdXk1wymNXNmMqHu5ufTzj1rPHXu5jnK6fMcvsdGJz9+6Hj5vSSaeXOCuRKUopShqMZkx6+vXk62XHW3Bi1nPt6OwuMNkxvPgMpGOLyacr/8QAMRAAAQMDAQYFBAICAwAAAAAAAAECAwQREiEFEBMUIjEgMDIzNCMkQEEVQyU1QlCA/9oACAEBAAEFAv8Ayu+eOM56EZURSf8AS1+0kjVaiVxHUuQuU1YqebNPHA38XaVVy8ClPTSVMn8LFg6J9JL2KGa6eVWVTaWOad8z/wAWun5irRMloqZKanK2mSpgiVXJE5Wua7NnkPekbKqd1TNFE+eX8Ssl4NJ3NlwcSq3dyuj4Fd+6J14vI2xPiw2VS8KH8TbL7U6Gyo8YN+12Xp2dUVGtpPIr5OLW0sXGnRLJ+Jtp1542lI3Gl31zM6KkXKCDSTxuXFnqXZMf1fxdra10DLrGlo98iZR0uSkF/IrFxo2IbOZjH+LtP/YU7Rvp3r2pnWmi1Xx1/wAGAo/bOZYc005tpzTDmYxJmKZIvkZIK9qCzoJO04jTJDaX+xgEXpWRqHGQ4rRZmkS/Upn9STMOMwyQyQyQum6u+FTFKqJHxWHDrDh1ZhWFqwtWFqstWH3hetMq0SStONWnGrRX1in3ReqL1R90fdGVWVOfM04r6rLiVRxKszqjOrI/dg0flVXk5qRrYaposNWpw6sSCqSRH1iJI+pWOlJVmwyqzU1NTU1NTU1NTU1LbrGJYsYmJibTS1bTjWdOBgcMwG+9EJHpwjhHDOEcNThk7PoUveFuTeEv4u1fm0/Zvp8H98AnYvvsWKhPt6XvS+m3ivuuXLmSGSF0L7td9jU2r8um7Nvjru0NRfk04mVluYmibtTJSVXcGm703oufzEA3a1M5W1ELzJBz2NNDQuhffoaeG5fdtb5VP2aqY3FFUzF+TTqfVMXmLjFS9jJxm4ke5Y6fvT+jTwNlkaLUzqSV1Q5ItptRja+mcNqIHmm5CxgpipZTFTAwMTavyaYanTqampiP+VC6xjGjXSRMbzU7quOTIyag57FFdCLJFjDC9isnVrObXwaGhcuhkZCSPQSeZFZtGdozasl2bRgcNq6dw2aNxmhkhk0yNr/IikVqtkajeIw4zDisOIwk+VlrtF3+PZIqDNSTKzeptixihZC3m67rFhNBJZGjayoaJtCoRU2jcrZmTPj9N2li0gqPMGj/AJLNZNoX5JiXFT7dKaW1PC/BKZwlKhyzbMmkc6ljY5iwxOaal/Drvua+G2+6D1S8ft1luaa+RglZVNG7SqUG7WVB786mP3doPatDGU6aNxxiVOZsaio8j9cTntp1mqS3hv4bqanUdRZSxi0xYWaaDyP0VirzOvg/sj9yqROYiInWP5Gdjm7SVJFr3SJ/KVbX09S+piZotO7GLiRr4dTXcq2M99iymKmBiiGngkIu9V75Yshih/ZGv1Kv3Y+8SqO9X7xOEg3oI/UkroaVNpv8i+65c1Nd+SGSGSGRdR9yD3Kj3ixoaC+5H7lV7kfdnZypdHIjszIu4j7vX7MyMjJDJC5qanUdR1bv3oWQxQtu1LmSDlRVp/cnVOLcu4u8u4X1M9dR7id4rqi923Nd8fd6/a3LNNC5dTU1Ll2l2ly5dTqOs6jFd3SWaaDtSmS5N6tS267RfU31VHuIpD6ZZW8FGKYGBi0jaub3Jw8WnUaliyHSdJoXLmqmpqa7tDpNC6FzIVSm9MvuqmtiyFhe7fVUetO8fpf1Smhdo5Utew2eRpxkXwab7mRcuXXdYsWLGhdDRT9q5pC7ofJ18SF4sTFHsfGXcftveoXrTujlUtbdodi5ffqalhELHSdJk0yLmpdxqYmKlt1y5mLubM9qJMy6JG8tJGvHuSWWRO9R7vdYxzVyxLIYmBbdiWcWUxMEMGlkNN+m66FzIzMjIzMl8bJHMEmc8XvnrIr3qM7r332UsWQsa77mSGSGRkZKZKallMVMSxYxMGmLC6XsgqeBX33JqWsOXERtzGwq3fia3S1l0OkyVBXb7GJiYlkNCxYsYlvBcxcpy8qiUcolC4ShQ5KMSliQ4EZwYyVuEjD9PXVovpVdbmRcu46jE4Zp4rbkaqnCkOWmU5OQ5FTkmCUcQlPEhg1PBcuX3qVWk7Eurmri7VWn/FWpfFDBxjc4bRGsFVELiU8yiUchyRySCUTBKSJBIIkEa1PBcuX8i6GSCyILOg6oQmdm9gvZBqjnfSRRLi6olkFciHGaK+5xHW//xAAkEQABAwQCAgIDAAAAAAAAAAAAAQIRECAhMRIwIkIDQUBRYP/aAAgBAwEBPwH+bV36OaiLP4LhEFbImFuXPW4Sj0yM1Y7Q3rdurxmrHjUxZBBBBBBB7EEHyDdEEEHyCJgggyZMmTJkyZPY8jyHTGRJjBkyeQs/ZK9ftV+htZHCUkkkm72q7QmrFOSXRZIuyVOSjllBNCUgVII63bq/Q3Qi5pgXsdur9DNWO0Jrrdur9DNWOE1dNriUJQdoZqsi1i+bFbRuO6KShJIolOQriayhKHI5EkqTd9CVggg//8QAJBEAAgEEAgEEAwAAAAAAAAAAAAERAhAhMSAwQQMyQEISUWD/2gAIAQIBAT8B/m0v2fihqPg0jYqh5XJY66dDtQ8Fe+FOyrrWr0Mr4UFTzwkkkkm/1v6ZVaST09D3fBghEIhEIhEI8EIikpgcGDBCEl4IXX9b0D4U2gggjn9b0nngiOmCDwQiClD2N2kWSetavTsfuKli2Rdi1enZV7h6uuxavSVbHddiIIKSrfBdydnv4aHaCCPgO8kkn//EADgQAAIAAgYIBQMDAwUAAAAAAAABAjEDEBEhMkESICIzUXGBkTBAYXKhE0LhYpKxBCNQUoCCotH/2gAIAQEABj8C/wBq+1Efd2NmP/Cujop5sxFkd6LUaNI7uPi2xvy1kOOOVWhB1fA3kWlxPpUnR1fTfTw7fuckaUb8tFF9quVSh+53xVOH7lhZY5iamhRLPwXHFJDji6Co4Fa35WkjzssVSblDfqaSlSbXWpw8PBhoV917q+rEtuP+PKwQcYqoouL1IaT/AEREMXoc/BpHkriGDiyxeVo4eENUC1KVfpLOBD4Di4K0b4jj4Ly1n6VVCvTUiXoOCF2MVqv8Cmf6XU/LRckIWo6n4FN7anXIkZkzEifgTRMuLzEiY+SEImS1GTMRMmTrpvbVezEbpdzcrubldzcrubldzdLubpdzdruYPkwfJh+TD8mD5L4F3N1D3N1D3N3D3N3CbuEwLuL6mKwhHZArMjdw9zdw9zBCYIR86sMJZLkXRPuYn3J/Jp6T0uZkyJRww6Nl9UH0rPUww+HLXlWvahC1Xz8Gk9r8xD7RC1Y/cdK56kyk9r8hPwIPaIRKqZcR+5nSq8midX5MJSe16mCPsJba5oupETL35Cj9pCKrMzqj9zOhMv8A5MtWLlUjFqbMbRvBaLUMS4CVLC2+Jw5mzHAfaY0bw3hjJsz1JrsUftEKu+qP3MXIta6jituXqQUSiUGl1sHBSLRpIZ+vqTRfHD3MQ1C8i+wslXnXKqVX4LnEi1RxF8ML6G3Qqz0L04eaLqSE2Yk+T1M+xRe0o0lba7GK11yMDKT3MgFZxRM+q777BRw4l8iZPyEzMzqkXXdS6miXU37fNF9jNqji7kDgtlmQvhEizP3F0EPe0lCv+JfS2dDeRspF+plGSistWZYXK2zIUWj8jhswROEvtPu7olF+4vjYnEk+Y04YbGS8KZPVzPzVNCsZ1X8keLobMdIXRW8y+GFm1RkcazitKM0bb01nWtr5P6iH1UWL0MD/AHG7fcuoX3qWhDpPgblLm9WZOqRIkjI+0nD2MXwY2Yoif/Y/JIw/ArrBe5EUjIn8E/gzqoyk51taMDSZSUmjY4krrBOD+q+m+DRFC3DFZwNJx2XyOpbbYbVJD2JGRkTMzM/JhtMBKvOrImj8GfarMRR+4i/8qz1KPmR8y2p7OY7rzIyNmNqrThSbtzL6Ptryqyrz1Zqq63sSYij6sZiMRmSdUHMjrd4zCYCQx8ybJomYiZ9xhZgMKMjEjEYibMzCSRJVTMQr7TkiRgMJkTVUHMjrdxzqmTGPmSJEiVUya7l8RMzMLMBhMiaMRjZiqkSEO4uqmTJ1Q8yKpjgslJ+pMm6pVaJiVUyZPwZkyepIkIR0LtWHmRXV2cCerdF3NqigfK7w8yepMmqpREi9isvZbF2L6Nr2s/t0q5R3C0lDeZVIiq0YZ5vgWIn4UyZOvCzDVMnqzqlXZpWrg7zbg/abFJfwZak0f3IIYuaHoqxCHwqsQ6p60zEYietPVn4ezG0bUMNXEti7a8vLzXbUmWkqr3U1ZXYSqvbJNkq51yqnXIl4F0LZgMkXxoviZn3MCMJgh7EUPB19NaVX5MRNkvAuUT6G7ZhS6k0Xx/BfEyT7mBFyXhRVSFyrcyRci9/JMkYSRhL2jGYmZmH5MCJLyelq9dSdVyZKr//EACoQAAIBAwMDAwUBAQEAAAAAAAABESExUUFhcRCBkaGx8CAwQOHx0cFQ/9oACAEBAAE/Ia5ZXLK5ZXJXLK5ZXLK5ZXLK5ZXJXLK5K5ZXLK5ZXJXJXJXJXJXJXJXJUrllclclclclclclcsrkrkrkrkrllcsrnpBBBBBBBBHSCCCPuR9cfRBBBBBBBBBHSCCCCCCCCCCCCCCCCCOkEEdY6QR0ggggggjpH2IIIII6R0j6I6QQQQR1jpBBBBBBBBBHSCOsdI+iCOsdY+zH0QQQQQR9EdII6R0jrHSOkdY+qCCCPqgggggjpHSPrj7kfejpH/jx1gj8KlJnCqyt7g4hE4dH9+PxmpJrTAPJbdqDTumDNoPVM0tdCqpVvuUAcLV/jV6ilsWrKnLqxbTvoIWvbqeCDtO00KpNWKt2+V9uVoZTs62/xq5VO2h6UlLdiFGsb9LPK2Blg60aw0U0mSKsBJ+y62Fy2WTnZhE4p/ixNTyDoXCFKn+vVqEMmEQrwXEomrMlDX9mR1fBGq0E7YNvxXPU+y/YtkU5rF2X0Rtf0GciFEwj7NYqsexh6B8CEIhKi/F5jPL/AEMbk46n6OSzXapC5Csb/YnqzBLYXaSul+MNwkEabDJ9EoauvQ1AEoZpRI6/ZUpyb5j8ar5NBUj0C+j0zIrkon2UWZKOx0aLSzcG6EzQJmpdixErZH3JJJJJ6Sf3i6KblybKJtvIbAf4eh7QpTNWR/gDcC13AqnVvg9SMdXQeVYcmyE9Skjk23kTLIVolSSNNfWNfga4FORrunWK8HTKX0ScaNiIbIE79AtkL4jMugQxk/uG7yiRZId2JEI4rizuenVQn++FMrHJQB6mw1vDFNBaKl3iuF0KqzzXcQruDHGt9sQ4M8k9hn6FL2vUKGpwOw7TsL9DiiNpGw4o4EBLBDwjicERWiIuyOIicD4e1LCh0dCM/ojjojgSOf7i17EicdSJZY2kOOBs8L9R7A1cLQ4PtT9Xg7Fengp4fu+lfx5KZXkXJKRKeC3M9+hCEvQlZRBaGTsXyNIIhV/+R7BV2oginSSSdzkSiGTkQWpuI3EbQgVwcF5FuijHwHBXJVK0+76FNRbJyeSXqo7j3PI3K7yfAZ6FFVWJLkJsQoNZdUfqNJuH/YNIdF/wHhBlB7C5ifdIgBNrRRfL3E2yMSStSSZyHm6uRIUFNukjaIZGuS+rIfLqxwjzwQdpGLVoaH/p8pkghidCRySVqCweQr7pwOC78ju0SK2gkYdX9i0a5tU0I0imxPB4PdSICWcfGNHUCxrdCAJvkaugvBjcqUpjsdjj8IbP+CpcRaxvBfBdHL0KALu8Y1KkZGVJSygeKRVYN5oihPwkXWDQx6S5QRIwTSQ6OSaSsvOWJdbZNEw2P33owTa+IpXDZVQkP1iDak6NaoUFa9yd2TuPPk4PyT/Qhg2Hgjj0OA9FwrcN4ZYnF4OnWPYdh7onAkkQ3TfZzeCGAaWw1VfkoJ3sIVSZwcz7Dwkut8IkdPGcL/YbLiIV0CiqFUluxKgakYYKZdGp6Ucvz0OIhgoS8PyV+M8EcCSwdjseDwV0ZV6vUqp/0Ol14HBld07wJrLiPQOct/BmJkk8wJ8hEiy8ZOEaj8w+pXuaXUETfumGIJrSbIKSXwEItlFPIiXdjyAOgUsrDFq1CaltI+Vg/ZOo9JqgNbYhFAMYkXEdWQ4uJicCyq9RtbHgXCK/ERu8EPcl5fkl/R8JFD1R8syPkEbehLRCHuISVY8lQWIx8D/JgRV0dNWBpKvzc9uSP+lljlSRk0fMCUyJqtyvkIS0AGlUZI6GWisioopsll+hJkaHiuXypQ3I0K6IPqkssvBHHgXbwdyUjCBKerZG4bj/AEyf7EGnmOeo4Qq/yf4qHNf9kiC7h8g+dMhbHcS1z7pgal3scjDwEPMQ3qVR+R/MKtV3UXEeILYUKVoU/RwTSSPN6eGUIHLeAmTrZB03MiLh3sSdRwKyPA7+BD/gW7sRAw8CJKk5E2ZT+CnxCbc+Rk39IZ8jXBOloSEvc7eQlTabfZlVbHoI3faCGfIbtPVnANQ3PSkb4SxcYuO6bOoSbjjRqNtWHJX1Cw8ay49xpTSUsNB9yPlid/QrueSVuSsEodiJWRz9Cek+CVyJ1JkkrbycXnpnzghFHQKatQVIx7H7JuuopcjZ4IZEZjvi50J6kajq4c1ZrHzeqIuqZ9iTt6CrRVyesNaij3HGvSEcTaeDcdkLY3boF8mJBhMRgrqfAQHZbuf1CVEkwlMITO4y+sgAmU22rI49bcKqRLRjAo8CdxjyvuP4AqnrMitUSOw3VI0SXKbaaqknUyocTWg9URKa+GbW8CwxKVAm09Jsk4PI3OgEmh5GfHLsJNA+Uk+hdxONEOB2I/mVJYJRq8jWT8nKKHT0jaEVFMzSGxYZLFrIRmKamhVSDkrT054o6lbcuHgrQlKAgJS8G4EusiS7O4k8qkiztdsTGu/Q5eERn8l15m9RCaScETpVeBbWS6CS2IzICFNRQJyJ3mx028UFJGrFPCZraJGxlPPTxEFgux0D/Y6DRWM2To8vkncTomeR6nuS6UCaxxwXNjFXuTpaZk/odyOfBBApodujZBMu1HZFciRxFTWhAQgYW3whq64pc0aVHYTk5ulJpuCydRdlKo4iiKm1cHuKW2uZhki2isyQOrTaCZZmRFRmyP0Bg52yklNXOcj2Dffokkqz0SY1XQgIQTmbDZAJhPFDY7eyIfWJnnyPI1wKN4KJXGitIvvTgeHkReiPiIM2DAnF3mt2LO7GH6jTbmE/tcfkZzRlCmT1hNNd2pgtkpiwOcxPVoTtXgxqxoRT0GpUEMEuhE9+iqXC5CPQowUKZFoDi9WUqDPIdECGpE4HMNydyonP+EESI52a6LoO0FTOIpYoVKqbI0gt2uiEiJeuhOzH2XfpuoI6r1HoELKfB5dJ3IZGjXpx0TOLNo4CWE3Pgn1G/JFXTki9IQk3ExVbXLFFWPBLRCKF5IceRxqQ1YKYkpWzLChTIm8JcixqullQiyikMckJ26BKiZOIm3I2ijzuxQg0lvAzNIeygRMvIYnoWpg+ESX9yovqVZZMLgu5DVPBDq/BGDkSRaKCpDsSepVdlOH3PB3XYndnJ+Re3Zi1XuNad4Z9ojVvwhLum56GMiPkaQRxagNUYnBqkGoy10IvkgtZKqyfY2mirCEndF5ZF6nCEgjYSeCGQo0IWg9Ui5PTmCfbuPoATrrEz/iFrERuzkWAFYLhEIoSvoEsciC8qGORAizYbYYF42ovccZV3FoKKCx2FJCQo6nKFg8hJFEXYxnljFmJ9fQLXZ2NS37ouTPkWTxlkVwihKJ+gSyWV60JQyZJaiuqE06i3hC8UwxKuTTQe9FNB7KitmnIj7DVm3shMfuhrTHuOyaXCP/aAAwDAQACAAMAAAAQkkZZNyKmbzTjPLDTz+OyZZcGq3j/AKFPPPOEAQNfU6qn16VQPCAsssogDHPKBNadUbUrktjiogksssjnoqdWZ24385z1yUmM88zy7X4341/w1/8A8RO/gsMM+ujoTiBzgAQwh9HCHpDSxO4Batf0kFX2kSBEswF/tlYDMv6M3Dy5SDTpGkcOxnDH100mml6VHpGKV/s7MNyOKF9io8WkaDfY9maGT7nBLstPPgyGP/S+gbeAo4Sr4ib87Es0/aOfq7u4di77wZnljh6NvIepfik+HwIr4fX+oi4qNOY95OHHILeHmY4J5KIePxQ0x1AdUfB3G1yWF1Xyq4lACvuUDvVj2+IbKfdSHpXuGpxo85JjT0xUEJGmdVHKiw78YODJrygX4d6MYuvgHdi6YuT/xAAgEQADAAIDAAMBAQAAAAAAAAAAAREhMRAgUTBBYXHw/9oACAEDAQE/EIQhCEIQhCEIQhCEIQhCEIQhCEIQhCEIQhCEIQhCEIQhCEIQhCEIQhCcwhCdIQnEIQnxM0IvItauzxshCE7tFxKQZ2F1avjbIsXEqGq9GgW5IQhCE65FKcLoWCEIYpEkIRE+AA1zFiQqdLoEkMQr0r0nono/ovsvs/svs/szsX0X0PsD4A0+aQqNMdoPFmDHTHVi8OGwV8R9jpwZRFZQ3X1xyEyvwr8K/DP2MVjyXsU8BJGFoba0xqsiQoXsyZKxsNuNX0MGBi36INCsgrFavyL4oNnxKVv8hk04SpZ+CEMcKMcG0Wx/REIEqdcd5a4QbRbI6RmuR1sY4pS8KZMmTcSkkJhI2H2JzhkQj4QiIiIwVIYoyJkNGVhmDJRJFRvRGUvSEJwc94mo0PSNci2fgaxu/sqZV6ftxR9Ios/Yr3rBjQSyTgq4f//EACARAQEBAAMAAgMBAQAAAAAAAAARARAhMSBBMFFhcfD/2gAIAQIBAT8QqqqqqqqqqqqqqqqqqqqqqqqqqqqqqqqqqqqqqqqqqqqqqqqqqqqqqqqqqqqqvCt421NVVVWd+Kq/gxdQbZvbHV8sQq/hwbu8UMT4cU1OlVVVVVVdGq9m+8VVfdTS67XfkCqvRVdq3ub2vJrs32V1+k/RP0fwfxfx4f48O82zjdjGt7TKO7smaZr6zNdprvjv46TjHbHaNTfpjczW1L/b/fCIn9TP2zMdfTSYzpNb0du99ZGIv5zEzhDM8sGZYZrxzguxusUb2/IZ4mM5hngMzX/PV3tmy9fKfJzzk8ODOPb738hnHp4vC9K9tzanERER1x08LbrHp4vpuI1FVVdu3fETjNxdzxX11veO/RGpqY6/BVVEZ019PXTfH9syj6xNXmJxPlGevTfFzhpp/8QAKRABAAIBAgUEAwEBAQEAAAAAAQARITFBUWFxgZEQobHBINHh8PEwQP/aAAgBAQABPxAf6Jf9Ev8Aog8TzB/ol7vJB/ol/wBEv+iX/RL4nmX/AES+J5l/0S/6Jf8ARL4nmXxPMvieZfE8y+J5l8TzOp5l8TzL4nzL/ol8TzLpq8y+J5l8TzL4nmXxPMv+iXxPMvieZfE8y+J5l/0S/wCiXxPMr1D8wFfiFSpUqVKlSpUqV6KlSpUqV6KlSv8AyABFeof/AAAABX4CpXor1K/AGH4CvRUqVKlSpX5Ar0V6KxKleivyBUr0V+YB+AB6CKleivRUqV6lSs+ipXoqVKlSpUqV6KlSvzAqVKhFQgivRXoqV6K9FeipXoqVKlSvxCpUqVK9Qg9RXor0VKlSpUr0VKgSpUqVKlSpXoqVKlSsSpUqVKlSsSvRXoqVKlSpUqVKlSpUqVKlSpUqVKlSpUqVKlSpUqVKlSpVRJXoqB6lSpUqVKlSpUqVKlSpUqVmKoh1P2CI0anF/UBIv/kMqVKlSpUqVKlSpUqVCKlSpUqVKlSpUqVKlSpUqVKlSpiTs3C4DH4Y7UE1k+7WA4sClp2dHpGVPjI/aRAIKLEbGVKlSpUqVKlSokrGVWL/AI6sqVKlSpUqVKlQJUqVKlSvSpUqLX7XG/0BEq6jdsvYuoxxCwLDU2M/p3lNN7TyrUHhvyZkjLSLkyFTw3+3pUqVKlSpUqVLb2hxebyiu0ulwSpUqVKlSpUqVKlSpUqVKlSpUSMWms9q+7b3ixl0DVle1JxfD0NPMqUrBccOh0dIpJQs11R4+Ip1AOpNKSD9SpUqVKlSvQ/r7uBFiRKtxtEVDSBscV4Bqv5V+df+DOKGnYfMpTGuMS8vaCbmPdKlQ1CxmP5CGlleZfmGXHyKyzYdH+yvwqV6tTS4nbgO78R0EUeU2kzt+dfH/wArCuWLl+6L6NWEvSmeR+38Kd4ovJp96mFZQvqYnK792v1/4dI5tux8fm4pGhThu9oEAYBsGA/+GvwQJwrOcFKdNNIFVS3dV/AKe3vWD4lkUqHbWX4Qf/A9SI7C/Uc0kN5rcJyBkebj9/8Avv63L9W/2637lKeJCI2Xt6X6Blx5pEYg0EeIMIUrilZNzl/4IA5CO5X3KacCHRZo+fS5cuXLly5cuX6XLly5cuXLlzBPKi3U6DMOH9UuXLj/ANW0uff5gAHm8oMuXLly5cbj4/kgG4OIAIVn4MufzBKTC9yZfvJrBeJrHUR8mGp7RwldbgOP4C5QMtRFpB6INYTrDaTmVR7SOcbI+ClzVJ/1IFo3bRnXiJXK53KDZK8MpnxTEFr1kOiyOiVJuv7hK5N4DbNZBBPvg1tbnoctSHgJNB5S8yvEgCpqwmTZcirVxnwLbgBlIp+9RBwe+VuzG4kLdqAFQO6VXS75gKHvhpR3xPCnJTDp/wA6R3Kef8RG+qKLYJ1ULPtRH7UsGrec2zKqamkOCgvXtBsq2oAp4EqYxipW2PaYSgrXPMaPsRY4u+UJGwOWkNDcR7xMjXKZ5iyaxeJfTWVpXvEyBy/cQt3tjirQASriVhL2tNy7+vYPtD0hoKFohQpz1htHuT0r7gqIeJFdU8QK5hODwlXyLtKWwdJR/TFMATpMWnVADTRE0VhvnzOQlzTRLLYEi12o4CE2jXCWvAEQxQcYlx5VKRpk94zfkRy1JdOU3QQ3ezEqmD2iSWNZRzb5URaf7UFKFo+IASwplbRCphwEclBhXsc9oxzRdIZlAnujfL8SmpAXe0qdOaXLvaVjBAhfGW8JfIlvCXy9pThLGbaTzLblvEl3t5SqyDtB4GVuhKNvdDamLr1FoUKPslWxdAp0PePAVLQuFzAv82mS/wCaRhx0YrlMGSmiOwhfa9MQLXj3iqKvWN+V0lIovF5pp9XxCPa9aDLLuDbjLI805H0KGsFVXK9kA6COQiD4khtQbRY0Yz0l6gRFJcMHZidTrE2fC4NA7E1s21pPVNcSxmFNkKZu5wbhBU0ekOBc3qwqN1+5FaXuJRTTSrL2ixdgRGw5R0skR+gESW3sweCzxQwmLCoL3w1PCEYGkurZk0UMLrerVE4l00eYtzIZ6qqQOwOIwENVFzFqZgx+0A1W+sA6J5/stdK8ynZjpEf8gbB3IO1gStSU3SANTzK9vmLav2YtrrOZAEGxMq+ofMAo2CDqRIAOV0ubYnNlg113XEqc73SprNMcYKub0x0h81AlTHuZYtekRKRU4iHUHEJcpsKORLKQFrqiwEq1pTQt+JYZB5qfMvcwhwiOkxtlrgmIiFqpbCajgdExMHAzsxSoXjsdFuhiUFq7JeCWo1EHDTiI/cUvxwfuK9zpAXVBvHxKnxD9R07vE3LfURS2tdCYtgvmJb+pCEHU8mV5OGCZHGrjheQsTMjqMoKF6YmS3NP8wbEhe+Ll0tCOVuEIdb0iwRjLyHANWEzK6ABabsVdNW1DKKILf0V3cNRwy1nV3H7hlDDaEqh72XIAFjqJC7AbF5UgygvBve9wNS84CD/jAankY1R90sH2I7FusccwugA09+ISwnCv6iZSGyr2uEGhsw8TF1bcDCPGNSg8xMwBVl468kFdLqCjs1KMbSwfhhqX8weDpfMy3RuilyXywqc+OhaEvPWH9ApyU8RZx2n9wmFdw/cczziIG41ofcQqFGrllEcdaRb3QcLpwlpGjdDEtWkV4xu+T5jKGq2qvKr5X3jSOsEDI5nW7MzfYgGtPWAuBPSV7PEaWAjtiWF+SLV2YkGslDizPTwuCq8ujKz+jNH9NPeZyh7JkrR4hlY1vT/Iul/h0hZa5xCAMtXzfuGW09P3EVt9X6Msq66rl+AhdG818wahNPsMRcseQTfmUlTm/vK7NZVDlvK062nafcLC3AL41la2c/hCIexJ+WIZdwJP9A7pGGXI3HLXnMo9kSMiyw7D10IptWVE4xQAuzT7m2W9w6cGZt5TJgGz2ETag7Dj7zCbzhV9R7ERUp4ciMFS9Cj4j03ZVfuCNIoBTk6jznAQdf5EvppKOB/nWUMHn/ZY4NetMTv0KuHCAclK/wBJ4vmf2A/qfuNJ9Mum4XN/xExSN7KzVoUeSfcTRdshChX0xGuwX+TJkF8URtFc4r9xNYTjZ+42Udjw6QN/DgqNttc7OGJbSc1T3SpsHJ+EIVvXF7rjQRuRGvL6lQYUbBXHZxC2wW0NIt4rESihYi25T4lrIhU126RazSEyCLpxhBZBs16CM0CgvYMi+YF7EyrG7C2Q7v6E2PfMHY+8RUZR2RpMn2lDg63KAqehAmAd4Di9oGom2AhSqkdAXdFRg62w2do2HGVB3PDRWGUABot4RlTqbAdicBIYi9v2mObk6gX4jvg77X6lGMg8l6NoiM5erM/xxXsvIRB75RHV1rW6zf5cKsVbwNtIDca6MLeXGukQ9oo7o0ZqMtoT1IHjOsoUKkpud/TL41GwEbia6xn14M2G5iFepycG4b4rrDXvLI11PiItCuNwG8nglL/dLNtcpGjFA5juEKLv3JFYHAJSGF3zj5gsspxtv3C2DV6ZQ1q8gma9PZEGrXBcsygcYoX3LcCxaOCfqBXCPGYN/QD7jrq9QQtOsu9zLiV8J9TPABONs3lrzVyCIN3df1jObQceO+37lTKo2TxSJsG6WXyJUciojGAYq4upsDZnMBwqCI5y3i3sWy8dXOERL0ebntpEqMtoJCwK6LTD6etX41EHeznUay1UFjC97MQUMp7xALtcN1PeAXROrEDk6zcGyN0IkNHYMtfBX8SpjNnVg/vViTNa55QDKHsjSCmMeSrnB27s4kiq30Ut0q50RpayatInmg7UgPB0w6JmWgco2FuQRPfa2IJaF4mUEqhdFuoqYxhLBDS34hiIC7pgizVqY2xApnuNOkaQlo30IqcgzU3/AJhFRo2FASy0NWXY2P8AmCbrDzDcPt/Y16jwIF3/APPCWlHeP1Myxb2X+zBgd/6i8V9UlbOvoP8AIgXScoLNG+H/AGO5byNPxLsj9f8AkH1xt1DPWy8nPvGONxqAE8IyrRRsBX3BLpeFkQcBA5gKObqDIADbWVt+COds2QacY3Z/OtJboDqFe8pY6qElVdLlV2O5N52SDrjWi8bQi6WjwjmbDbaKtx81FgIuFPL6mCvLBtk1yfRLRGjhBsoA1rsl0zOTQgCjwWwdl8WPapwByKQs0HXBLC0OyWQHnGjM8B/qU8p6WxTHaQfV9SvmXSzDbCbLbZglBl3lWXegnJRcp8RFCpWmQgjSeB9JatbjSqI5p1C/MG5WcAVMYViLKLlnS8VZQVv0lQGLvkMCW9TDGjFK5xBboRL2CXC3odJSjl+ZqhTq22iXpbbS7obRIUGaCC1y7w+DBVELFGd5bu05r+4OcnH/AKlk5ZpnflEkdIBa5vSUETYXVl9qmTpIjaj0BBtPclOFWDIpzLcqpmehAsD7EEKLNqNJnsGLmTHScCHSWgq+JvK8zbI8LlFaE63NKl2IDsu0DaF0qLM4A6y0DvQeEZMAsBDpNbecwKRN88A6zJEJqnJB1kOdsGUBprUQYS8wiq1Y1GW7I+Y8orUOCMa10tmOACWQUa712E1/YRBtPmUsUVvjC6WpsEQtOZVGMjgA+AwRdNQR5V7S8m/rM3SBcbE64iGWvJLGg7y27w6DK8M73iI0o7yg3elwRYy7/uXCgviUTMyiaZYPrfli9rPtBMQuSQE0eYjFudrtn2AxS6jRqpaGHStQs4zWIQoO8EOool0Y0W9pWAjsrNaXWYnUCtlttbnESlWB0AmGLxhifAYNYbYseYp1tozMq7Kgm0aVKaz2iBdh4QO26nAH2wapCvdebEpxG0WlCXFYwXXhfGPMIxXUnN8yvoNLAjRDLG9aeiBHU884gjITnK9Q9IBp0xM2O4Q0SnVIHNPCy7mRDyiXaU3xU1BTzUUKUuD9wRkmstEcWocRIcUre1x4mbdDQ1MUbE5bJS37VQNYVVJkyuU4sCk8DFtbQfbLfuYuy/7JT5js0eUempUCDiSHhRKS2ODHGYvywECAIjDjMtYdD/KiLyg4DfmzQMFVa/Uq0XQuWmtfJKVkHAVhTNd4lV4VHNIhtcUzTrc30xiKPCoJcp75lWTd2ajRxziGi9pBLFOmZerjwJWhp0IKZCU5NHFahUsDwqW8K5sVSJrrE0KGlMd4rE9PqLSiFcAO0ZW682FjovzLwaVNEImxHdTDNSmoIsAjST2HEeRPQq1eMssWgpoZjoq6j/VFatRFaXOZ89IxkMGss3nVl0au54lqdbujyReALC+kuyI8TnWIEpfLMsCxXBMFXR2EFq1qJNfdLzJ8yi1d5U6xMyDjLulXNhRXvnTXLOo9BYNihyjWtOqEBurgM3gGxpUsWLmZYqqX0K+oQEN1PjeWiinNXll6EG4D5xGpVnGquMLG5sC4UUa64iSyTmwA5LmhZUMYqBWWLwZBldZbFVqKf2FCgDBCu3JV25QQJrXiG15MtAyNZgrDqwVEdacKkXfpEoHTbVbLCNdVt17RS3a9AKhmknJ/WW3IJe59iDWDtQUu/dCWOe9AejeSYEy7yBLRO+cMXlZ1YuB4KEtWrsQTBTm4lcOZbaN8BB4q+UQsC9AjwguyOTTYU5w+WJbrjb4IdQuSvzDh24gV50+poPVS33ieAOCwdoQhmKcNIahEGW23tHRa7x6k3JUF5opNNAFky6QSoLW3BViU3RY4t12hUB/JVFqsnCg+WLl3NX9CWupUfonVXZCUtI8QnJAd3mOJT3msXyjQfaKoLV2ZTDS9NMxzpFlRwrXyL8wRgnMRuy+Sv1HP93dmOt9Q+oD5Fj42+KX8zW05BDgTDhHjRETFbEUltzBrKMaDyBALJXSIgC9WIkRVEQ1XGbkI7XV4gMM3JXiK1Dzb+WNweOqxaQeFL+5eZHWi39TIy1oUF/MeAqrIl/UsRKr3fM0SviRPE7axJZ9n+4R8ET5YJvsV8EzyPMZ8k7fMo+3pLFEolSIlJbhLtvQ6pTxlG7FHOJ7wW5DZsmtHzLOSxdrgSl2EAvkTBfOJw8IW1o3CxVcYZaGNvDEyRYyUlcTUdA1IoJlroqWml4DdTJdUGKFNO4DG2LlRheGywzvRrDP/2Q==, filename: thumbnail.jpg }
