url: 'https://api.telegram.org/bot3f3814e1-5836-3d77-904e-60f64b15df36/sendDocument'
payload:
    chat_id: '-123456789'
files:
    document: { contents: "Hello!\n", filename: test.txt }
    thumb: { contents: !!binary /9j/4AAQSkZJRgABAQAAAQABAAD/4QDeRXhpZgAASUkqAAgAAAAGABIBAwABAAAAAQAAABoBBQABAAAAVgAAABsBBQABAAAAXgAAACgBAwABAAAAAgAAABMCAwABAAAAAQAAAGmHBAABAAAAZgAAAAAAAAA4YwAA6AMAADhjAADoAwAABwAAkAcABAAAADAyMTABkQcABAAAAAECAwCGkgcAFgAAAMAAAAAAoAcABAAAADAxMDABoAMAAQAAAP//AAACoAQAAQAAAEABAAADoAQAAQAAAEABAAAAAAAAQVNDSUkAAABQaWNzdW0gSUQ6IDYzN//bAEMACAYGBwYFCAcHBwkJCAoMFA0MCwsMGRITDxQdGh8eHRocHCAkLicgIiwjHBwoNyksMDE0NDQfJzk9ODI8LjM0Mv/bAEMBCQkJDAsMGA0NGDIhHCEyMjIyMjIyMjIyMjIyMjIyMjIyMjIyMjIyMjIyMjIyMjIyMjIyMjIyMjIyMjIyMjIyMv/AABEIAUABQAMBIgACEQEDEQH/xAAcAAABBAMBAAAAAAAAAAAAAAACAAEDBAUGBwj/xABOEAABAwIDAwcHCQQHCAIDAAABAAIDBBEFEiEGMUETIlFhcYGRBxQyQlKxwRUjM2JykqHR4SRDgqIWNDVjc4OTF0RFU2Sy8PElVJTC4v/EABkBAQEBAQEBAAAAAAAAAAAAAAABAwIEBf/EACYRAQACAQQCAgIDAQEAAAAAAAABEQIDEiExIlEyQRMzBCNh8FL/2gAMAwEAAhEDEQA/AN/Bd7TvFPd3tO8UVk+Vey3loN3e07xTgu9o+KLKnDUsoALvad4p7u4ud4osqfKlrQQXe07xT3d7TvFFlT5UsoN3e07xSu72neKPKllSyg3d7R8Uru9p3ijsllUtaDd3tHxSu72neKPKnypZQLu9p3inu72neKLKnsllAu72j4p7u9o+KKyeyWtAu72j4pXd7R8UdkrJZQbu9o+Ka7vaPijslZLKBzvaPinu72j4orJWSyg3d0nxSu72neKOyVksoF3e0fFK7rekfFHlTWSyg3d7R8Uru9o+KKyVksoN3e0fFNd3tHxR2SsllAu72neKV3e0fFHZLKllAu72j4pXd7R8UVkrJaUC7vaPild3tO8UdksqWUju72neKV3e0fFHlSypZSHKnyqQN0T5VLWkeVPlUmVPlSykeVPlUlksqWtADUrKSyeyllI8qfKjsnsllADUsqOyeyWtI8qfKpLJZUsoGVLKpMqWVLKR5U+VHlT5VLWkeVPlR2T5UspHlSyqSyWVLKR5UsqktolZLKR5UsqksllSykdksqksmypZSPKnyo8qWVLKR2SspMqWVLSkeVKykslZLWkWVLKpcqayWlI7JZVJlSypZSLKmyqXKllVspFlT5UeVPlXNrQA1PlR5U9kspHlT5VJZKyWtAAT5UYansllIw1PZGGpw1Sykdk+VHZPlSygWSyqSyWVLWgWSspLJWSygWSyo8qeyWUjypWUmVKyllAtqllR5UrJZQLJWR2SypZQMqVkdkrJZQLJrKSyVkspHZKyksllVspHZKyPKllSygWTZVJlSsllI7JWUlkrJZSOybKpbJrJZSPKllUmVNlSykYaiDUeVPZc2tI8qfKjyp7JZQLJZUdk9ksoFk+VHZKyWUCyeyOyVksoFk9kdkrKWoLJ7I7JWSwGVPZHZKyWUCyQCOyeyWUCyVkdkrJZQLJWR2TWSygWT2RWSslgbJWRWSslgcqayOyVksBZKyOyVksoFkraI7JWSygWSsjslZLKR2SsjslZLAWTWUlkrJZSO2iayktZIhLKBZPlRhqeylrQLJAI7J7JZQMqfKisnslgLJ7IrJ7KWAsnsisnslgLJ7IrJWSwNk9kVkrJYGyVkdkrJYCyeyKyeyWAslZHZKyWAsmsjsmslgLarG12O4bhxLamqaHjexgzO8AtE298pUeGSSYZhT2vnbzZZQdGnoBXJp9o8VqXlzql4B4Ns0LXHD/0xy1J6xegDt1gwdY+cge0Y/1WTodoMLxFwbT1jC8+o7mu8CvPGHbTVETuTr/nYj6x3tWwCcaSQuu0WJseB3HsWv4sZ6ZfmzieXerJ7LnezG2UkDmUuIyF8B0bI7VzPzC6K0hzQ5pBaRcEG4KwzxnGal6MM4zi4NZKyOyVlxbsFkrI7JWSwFkrI7JWSxHZKyOyVksBZKyOyayWAsmsjIWLxnHcPwOn5WtmDTa7WA853/nSVY56J47ZOyeyKyVlxbqg2T2RWSsllBsnsislZLKDZPZFZKyFBsnsnsnsgEBKyKyVkDWSsislZANk9k9k9kA2SRWSsgGyVkVkrIAstJ8pW1Z2cwLkKZ4bX1l2R9LG+s74BbwQvNG3ePHaHayrqQ4mmidyMA+o3S/ebnvXenFy41JqGsSEueXvJc4m9ysrs5sxiG0+Jto6Flz6Ukh0bG3pJVCGB9RM1jGlz3mzQN5XpTYrZiLZjZ+KmyjzqUCSpf0v6OwbvFd5ZU4wxagPIphYocnynVCqt9JlGS/2ejvWjVGFV+yOL/JeJMGQ3MEo1a9p3gHo49RXouy13bTZiHafAZaawbVxjPTScWvG4dh3LnDUmJ5dZ6cZQ5G35t7XNPNO5dI2HxszR/Jk7rloJhJ6OLfiuW4XLJUQGCYFszSWOad7Xt3jw9yzeE1clLUxTxnLJG4OHaF68o3408WMzhlbtiVlFSVDKyjiqI/QkaHD8lPZeB9GA2SsislZANkrIrJWQDZKyeyVkA2TWRqtX1sGHUE9bVPDIIGF73HoCDAbYbV02yuGcq8tfVSXEMXT1nqXnrGsdrsbrX1VbO57nG9idAre1GP1O0mNTV9QSGuNo2X0Y3gFjsJwisx3FIcPoYjJPM6wHAdJPQBvJW+MbYYZTul6xSSTrzW9BJJJ1bCSsknQMnSSQJOkkgSSSdArJJJIEkknQMknSQMknTIMDtnihwbZDEqxpyyCIxxn6zuaPevMljI46b9NF27yz1xh2eoaIHWeoL3DqY383LjMDL5WjeVvpx4sNSeW6+S7Am4ltTHPKy8NI3liCOI0b+K73ZaB5KMNFLgVTVltnTy5QfqtH5ldAWWc3LTCKg1kL2CRha4XBRpLl24lt3h3yFty+piblgxBoqQBu5Rps/xF/FQMYGTB7PQfqFuHleoOV2cpcRYOfR1IBP1Xix/Gy1Wj/acLpKgal0Yv2jRezRyvF4tfGsrdH2LqzLhclM46wuuOw/qtmstF2Om5LEcnCVhb37/gt7WGtFZt9GbwgkydJZNjJWTpkCsmTpIGXLvLDjhp6CkwWJ1nVJ5Wax9QaAd59y6j2Lznt/iJxXbXEpQ68cL+QZ2M09913pxeTjUmsWqPYS4Bq7n5K9lWYRgnyrURjzytF2kjVkXDx3+C5RsvhBxvHqWjHoyShrj0N4/gvTEcbI42xxtDWMAa0DgBoAutSa4caUXydJJJea3ook6ZOrZRJ0ydLSiTpk6WUSSSStlHSTJ0sokkkuKWEnTJ0sKySV0rpYSZOmSxxXy1VBkxzDKUHSOmLyOtzv8A+VouH0znuzDs3bltnlZcZdu+T9imib7z8VjsBoOUnaD0herHjB5NTnN27ZGlFJsvQR2sSzMe0lZtVcOjEWG0sY9WJo/BWl5beqIok6a6SWrX9uKMV2xWLwWufNnPb2t5w9y5XsnN5zgLYzYmNxHdvXa8QhFRh1TE7UPhe3xaQvPGyxqJRJR08ojkzBzSekArfQy7efXjp07ALxYhTu6HhdCXOsCdI4RvmjLJWOs8EW1HEdS6IprzzC6EVidJJJY23okySSllEkkmSykNXOKWjnqHejFG6Q9wJ+C8tF7qmSSV2rpHF5PWTdekNsJjT7G4xIDqKSQDvFvivO1DBnBHQFvofbHX4iHQvJJhoOKTVjm6xRkg9Z0/NdhWkeTiiFLhs7rauyj3rd1lqZXlLvSxrGAXSusG/aWjb6OZ34KP+lFMBpG894WFy9FNhulda5/Sykv9E/xCkZtRRu3skHgrylQ2C6V1hmbSYe7fI5va1WY8YoJfRqo+82S5KZG6V1XZVQyehKx3Y4KTON903LtSXT3UYcOlLMm5NqRK6DMlmV3G1JdK6C6WYAamybk2juldVzVQA2M0YP2ghkr6aMXdMwDtTcbVq6e6w0uOwj6IB3W42Six+mJtMQzrBuFbNrM3TXVRmI0jyA2pjJOtswUvnEX/ADG+Klm1wvymc7yh1AP/ACobfdWT2dpmZ4zY7gVi/KU4f7RJSDe8EJ/lWewDXkh0tC9l/wBcPHMf2us0+lNF0ZG+5SXVaCVjaWLM9o5jePUgkxGmjGsoJ6G6rx29m1culdYv5ZivpG+ylbi1KRdzyztCtm1anPzEn2He5eatmKjkcZYfr6+K9Cz4zSNY4Bzn3B9ELzThUlsSJvbn/Fb/AMfm2H8mKiHd8LAmkkaD1nqW5grnGzVY59ROC7UsutzhxqjewF0mQ21Dgs9WZieWmlETjcMpdK6x4xihP+8s71O2rgcwPbKwtPEOWVtNqzdK6r+dQf8ANZ95JtTE42bI0noBCbjanumuouWjzZA9ubovqizjpCm5drXtvSf6CYzb/wCsfeFxLAWh4fcA6Ltm3Dg7YjGhmH9VeVxLZpwOf7K9X8efGXm/kRVO27HgNw+UAW1b7itkutY2Wmigw1xlkazMRbMbdKzDsWoWelUs7jdefOfKW+GPjDkgw3bADXC4z/nJfJ+14/4NB3zFdXLZTvI8EQEttcq2tltn25IaPbAHm4LAP80pcltmD/Y8Fv8AEXWiJuhvglaW+oae5OPRtn25Q2HbDjg0P+ojEe19/wCyIbf4i6paYu9UDsStOPVZ4JWPorL25YI9sASRhMI/zCittnb+zox/mldRLZjoAwDsRZJLbm9qVj6Ky9uYcptpYWoWD/NKIVO2zPRo2j/NK6SBMDYtbZORJuyBNuPo8vbnUeJbbsPOpgR1SFS/LG2tv6oP9T9Fv4ZLxiHin5N3shNuHovP258cY2240bLdcn6KCau2wlN5KCN3bMV0fI4mxa2yfkSTcNBCbcPRefty8v2oLtMLpz2yFOJNqr/2XTf6hXTjTEn0G2QmFrdC1oV24J5+3M3SbVH/AIbTf6hTZtqiDbD6a/W9dM5BrvRYLdCfzU30jaArtw9JeftzK+1JHOw6lNvro2VG1jLZaKFoHRIV0s0rRpYDpQmmB0y99k24Hn7cC2mfXP2lifiDAypMLLgG4tc2W8bOuANOT0Ba/wCUyLkdtoRu/ZYz+LlndntWQHqC1n4MOfycpJ67ajzmUQ0UDoQ8iMufYlt9PwQfKG1dhbD6UW3/ADp1XQ6aia6mhOXUsB3dSLzFmbUD7qy24N71PbnBxDay39n0v+oUDq/asg/sFOP4yukGgbf0ezRL5OBGg/BXZppep7c0bXbWZ2g0dMG3APOO5c6w4ZcUkHESEfivRhoGgi7RvXnanbkxucDhM/8A7itdKMYmaZas5bfKXUcBcY6zNfe3VYx9XtW2Z+Snp3MzHLc20voslhLSXkj2Pgt0jw4OjYSBctHuXGUYzPLrCcttYuW4mzanEqbkSxsDTqTC+xPesbS4PtXSNLYaqZrT/ej4rswwsAi4Fin+ShcggWSsIJjOebcZkwXayY5n1c5P+PZSHDNrH6OneSAACJbHRdf+TWW0AQnC+abNBSsErNxuLANqIcQ8+ZUSCpvcvMxN1nIK7bOKLI9kExv6TnWP4LoowyW3ott18EL8NLBrlBO5JwwlY/JHUub4jW7Sz4bVx1lNTtp3QPEjmuJIGUrWdl3OJIFjzDvXWsdoHDAMScWtsKWQ/wApXI9lieU/gPuXWGOMRO1znOU1ubti8uNChoPkhkTtHcrn4brfFY5tTtcG2dS0pPSFu2D0j6qkbkaCA0XvwWQ+SpAdzetcRjhPbvdn9S2S6e9+CEFt+lK4XkiJevgdtNAmAQl3Wlm6CuuU4GL9Ke56FHm+slygG9ytSiS/UE9z0KMPba10uVYPWCvIO/V+CfMOhRiQHc4JzI1upcFUPcFPw3IBUxHTO1MaiMeu0K8nCTxSuboBPGd0jCkZG2017EQdz0hDe/Bvihu7eGhMRIfUb95USWtqGjuTgu6CgZcDnNHcU5DXdvagK3EgJWHDL4qF0Z4FvhdA4SNb6Q7gqjjflXGXbWlP/SM/7nLJ7On5qDpssT5Vc39LaLMS69I3f9tyymzR+bguN+i3n9byz+x1OlefNYQSBZg9bqUlm30e2/2lUp2yebREZrZR6wU45Qa8k49eZYU9NrDRY+kD3oS5reiyAOd6zS3+JM4x2+keOxyKPMxxBOW115n0bj9YP+of/wBxXo175C4CLMTfeXLzfIbbS1oO/wA5k/7ittGOWGvPi6rgepP+H8Fv8RaImFzx6I0t1Lnuz5uRfjGFvcfnQjZZzLZRa4vwXGUcutOeFvM22r2hByjG6CRru5V5DK7SRze4Jm07j++jaOpSndytB9/UB7NEYGY35471CwxxNty2YoiC5vNd/MApKp3RNLbEk9qiMDL6yHsVVzZWkm5d/mhROq5RoKe56S4FKn6TdH2h2iib/R3EhmBPmsvH6pXCdlvpR9k+5dsxWaofg2INcMrTTSCwF/UK4fsw8NlaT0LXTiYiWOrMTTt2ywD6Q3J9BvFbAImtNxe61nZpzRRNcQPQAva5WfbNrucVlNtcZioaIzyx4C4DPR17TxtHeytU/lY2aqZY4y2uiLzYukgs1vWTdceu3iWpFwOhDSOxNkO7l6GpdosHrNYMRgdra2cBZFtRA8XbI1w6QV5m04Zb79ArlNi2IUulPWzR/wASmz/TdL0TUV1HTNDp52sDjYXU2eG28arzzJtLjshZmxFzg2+hG8HRw7CNFbxDbraGpihdTyR09TFoHReg5vQ5hFk2f6k5zH074Hxkel+KjdNGDbOL9q5dhXlMpoqKKPFKWWWdo58osMx7Bos3T7fbM1VruZGf7zRNpvbsJAdxHj+qe5O63itepNocDrLinrKBxbvGbULJAxvZmY6nt0gg/FKN1r9j6w07ETWxn/0sQSL/ANdiZ1Bo/NTQm/8AxJp7GtSiJZUCNvAd4RAs4Fqx7onPH9oH+VAKKTN/XHnwUr/VufTLAi28JZhxIWO80kaPp5Hdw/JCYJd2eQ+CVHsufTIOc0DePFRcqweuPFV208vE37WhI0ZJuTbsC6iIS59DdOwm2c9xQE5jfO8DrCHzKxuHC/W0Jeblv72P/Turx9OeftyLysBo2qw8g3BpB/3uVzZx9o6ftHvVPyrtA2kw0g5v2U+rl9cq1s1ZzIOpbT+t55/Y6tSzQilia4m4aFMJWONml4CpU0QdTxvAdqOm11OXSt0a3L3krCoem5SSOAB1mPZdUpZ3N9WcDrKsuM5HNa09oKG0jhaRgPZorHCTyo+eFrhv3+sbrz5MSdpK4/8AUyH+Yr0S6lfmu1vHd/4V52rBl2or27iKmQfzlb6VWw1b28uobPSZQx288mNOlbEHYqSckjMh3c8blp+C1bIDEHmxMdgt5fTYfHSNnmgLLtDnSFxaO2+5cTxk6xuceEIpqx/Ol53bIApmU9RbRsf37rGVWI4VQ08lQZmmKNpeQyXMSB0AbytIftRj1XtfR4XBUx0Iqcj2saBIIWuBNnk+k61r2Nrmy65SIh1BtLNfM8ln2QFK6QxssHPJHS4LF4dibap81BiELabEqYAyNBOSVh3SMJ9U9G8HQq151SQnWSDfxcPzXHM9u+I6C+pqwS4BrW9JF1X8+qQ64LSOoKWpr6GQWkraYAcOUWKmqMELjmqgfsXK7imczMdStYhXVMmHVTcjiHQvBt9kri+zp+caAurz4hhbKWaOnku50bmjM0neCFzXBsFraKVr5xGAOAfddYxTnKbjl1vZyxoIsz3NGUeiCb+C2DLCRzagg9ZI9653RY5NSUfItAje13Nc03zNtxvxurrdrJQyzwX9YcAstktI1MYinIw8+0/wThw3h0niVFmcRfK7vcmu43uNPtqNrSm1h6f3ileMD0XfeKhANtQ2w6SiyX3Ze66By6PhHftclyrOLAnaxotduvYU9tfR/AqBhLHf6Nv3U4qmjcz+Qotx9H8N34p9dSA38FRGagEXDAOi0f6qSPEq2AjkZ6iMDg02/C6Wot6I8EQzXu14txsf0REsGOY1DMJY62oLhweWuHgtiovKJj9NpLS0k7bcYwCtaJe7dI7+b8khyjjlPKkdIDkTa3yg8qmICU+e4NC6G3N5E2cD1gjVbRQ+UbA6pwZNFPSutf52IW8QuNOAYRmZIb/VP5qQR6+g6x7PzUqF5d2p9r9n6kHksSptN4c8NI7jZZCnxrDqluanq4pBuvHID7ivPRhD7ZomH7Rb+RRxt5AkxPbATvLJSL+AClQcvRwrId+c+KIVcB9Zy88RYpiNMLQY3VRD6s7j71kqXbPaOlFm47JMN3z0bXfjoptdXLupq6fdz/ukpecMO5kh7IyuKR+UPaOKRpkdHOy+oDiwn3rKR+UdslvOcPqB7WSUv+Ku2HM5Sr+V12baHCXFj2XpnDnC3rqnhWIy0kmHwwQcry07Y5CTYNab69qxG2uN0WNV9BNR8qMkTmvEjC0g5r8Vdwx9qWnlO+Ophdf+MD4r0RHhTzZT527VSYjSRUkTJJ2hwFi3UkeClOJ0ZOmd3Yw/Fa6JqXMYzmdI30mmpaweG9Scg9wvFQ0563Suk9wWMY4t5zyj6Zl+MUI0LT3gfmojitC7XkHu+y26xJhxAejHTQ9lOT7yoJIaxx+exUxt4hkbQuowhnOpkzBxCjc4ZaGbfvygfFee8QIO1WIkDKDVyW6ucV2plHT5szsQrZfsN/RcYrWtO0uJxgnm1Uhbm3nnHf1rTTxiJcamU5Ys66ocyeiIO9tlu/lEqyzyeQsiu20kA0J3dC0ijY2bEsMY/VtyCFsnlBMo2LF4qgR8rFZzpLsO/cFzl84h1hxjP+uf0eIzRsu6UWHEgaKxQsbLmxedr5CZBAy2mnE+I96xNDE2ZhjfcsIstrkjezZ4iCEyiFzSIwL3G74rrLJxjB8RNSI46ynefOYxmLd/KsGpab9V+9ZWkJq6eOZjxke0OBAGoOquwbNYtycFQ+kb6Ad9J0js6Cq+zmD1/mU1JyR/Y6mSnOo0ANx+DgubmlmB8h/eHuKXINv6TvvFZ6HZmpLryNmseALNPxV+PZSPQv8AOSOjlYx8FzOUwsYW1IU8Y32PanEMQOgaT2LcH7MUjYnkQ1BIabE1I6OoLjFBjGJVFQWy1kpF9wsPcrjeS5Y7YuW78kweqPBMcouACDw0Wf2Ww6iqqCOSpgjleW3LpST8VsE2CYTUUssElJSiORpa7KAHW6jvB61xOXLqMLi3n1ruiMgdv6Ii+Qer3blX5Pm2yM+6SkGG4PM72hGyxygLec0fe/VC5zbaBnj+qFpsNS0fwhEbEavH4KALg6DJrvsUTSeLW9lroszWj6bTtun5RoaCZCewKhxn4AAdTSnySj2u5iEPa4aOc4d6MNH/AC3nuUU+V/HP3j9Ug549d33h+aTnBu+IDhznAJw61rQR/eQCZH2Hzn84T3kt9JcE63d+iIySN3MhH8RTOMzrc6nHbcooGljiLOaTfgSUt5sCQeprj8UQ843cvTt7IiU485d/vRt9WFHIiwWF7n+BOGACwab/AGAozHNxrJ/uNCjdAXtINXUffa1UWDG8Wytk7Cf0T5XX1DhfpkIVUU9O0AOndu41CF1PRnUkO7ZSURcLWNbdxZcdLj+aAyxBx+cgA6bj81VENIP3II6A1xRhkLdG0h7ofzQQVskT5oTHIx9rg5OG5bRhrh8mb/3sVv8AUatUrdHw/NGPU7wBfwWzYYb0cDPbqIB/OD8Ftj8Xm1PmLbIxt2rr7PqGPJbfki8eqOjRYenr8Ro35qWtxJp6ySP5is1thJL/AEnqgOTykMPOcb+iOCwREhGroNe0rGOnplmINstqqa3J1RkH94wN9zlk6fylbSQm09PTSM489od+N1qmR9/pWd0abI8fvng9UYSoR0Kk8rUsZaKrD3FvEgg2+6fgudVtc2s2mrq2JuUT1D5AHcA43RlrnD05+0WCxjDkxJ432fvO9aaURGTLWva3TDDmxTDjp6S2jygV9NJsIadsl5Y5YgW8oDYgm+ltFqOGP/8Ak8O19dYrauKFu0GJPabPdLzhc9A4blM4/sTTnwlQw9xc2zXWJXQdn4y6B7TxFj4LQMLAzbxv3Fb7hFUIG5cmp037l1qY+LjDLydMp30rKaG9Q0kMaLGe3DsWFwmWJu0+0FMxpeTLDUBjagah0QBO7patAPlGx6iqZYhSUc8ccha3OwXyg2GtkVJ5SpoMSxPETSGOSohgaYmRNNi0OHhrvWURL0W60Y3OFxQyf/kKBzJeGGznsmC5rNt9VYnHFNQ7UfJs7RYwTQNDHHrv8CsP/tR2tpKyop5ZaerMLS9z4iAC0cQRv3q+X/W5vGf+h1eeOuLXcngs7tPWmauE4ddtY641Dj710zZ7aau2lwplXPWGB7pHN5M63A4jRc3oHMjneN7xI7XoN1phd8sspiYmnUcLqq2n2eifQUoqZs1uTvbTiUpcY2nDbnB4YhxMkzvyUmzlSKTCGSmZkIvbM+1vxWebiGGTNvU4hTOP1Y7+5cRNXw6q4jlwMhxd9GLdN0gDfURt8EAPG467NR59Rdxt9lcvQexPrxfdullcf3ot1MRDMRoXnjcaIgSBqXjvQM0Sbs8lvqtRBsn98e8BRlzQBfMbpw5nFpPeipA11r5D3ygKGaUxNLm04kd0B6MOaL2iA7SnMgB1DG9puoKrax5A/YXg8ddPerwLCLiO3TdhPxUYe06h8Z7AiM4A9IdzQVXKQZToN5+pZG2N1t77HqAUXLPJ5ubqs39E+eZo05V19d5SlSchJe/ztvtWSNLI4bzboLygD5T6bX9pKcvA1tv16lA3mbTqXRgdOZP5rDGLuki7zdMHNGpDB/EERqorAEsH8SpQA+EaNe246IyfgiDwToZB/lWT+dwW1ljFutMKuAm97jpDEKHmdb1z2AD4pjv9GU9rgEIqGFp5Nkp7Iylykp3QSW67BF4U8RaM8GltTxuthwnWTD2dNUw+DXH4LXq8yOMOdpbqbXIWewMl2I4e32eUkPc23/7LbH4PLqfNZ2p5+P1BDgAQz93f1RxWGym+r3W+qGhZTaIPfjcxD2Btm6O7Fislxc1DQOpqxjp6YOY2g3zyHtf+SjfDG86tv/E5PybdxqXHqAQlkA9eUm3AIvADTRaaM77n4rGPblxF4FrB3BZQGAGwhlLukrFyWGIONrAncTey00/kw1vi2fDJP/k8P/xAoNriw4vXEPF+UFxfqCfDzbEaEjT5wJbVOviFa4NHpg38F1qfshxo/CWGw5tpRI3VxsFuuFSSOPOAGlrrRcMe0SgOIAvexW6ULwITra5I04aK5fFzHbCVT3mrmy0z3DlHWNxrqqbWufPOGwhklmgguHWpaiaASSF8+ucg2O5UYKqCOoncQXgubbjuCzh6J+k7qZ9+e6IX4C5VV+FR5iXclrro4hXTXMcS5tO52utmIfOXvPMo/FoUWoDStNEy9LXSQH6rzr3bkWHkmoc46nMUjJVlwywMbpoXEAJYbcyyH6y6w7Z6keLoceL1GD7KOrKWGKaVkjQGSC7bE2KoxeU2tH0+GMFt5ie33WCgr5D/AEMlAflPKssf4lpj8nrTSfgFz9yuMXjAfON95Ix4phVN4zsHd+qjbHSgWELfC5RNZEHXbEfC4PdZRoc1cVv6w0noDUIqIj+9efss/RTNkd6sNuoNsjEk1/RA7dAgibLcWDKh38J/JP8AOkXFPKb8Cf1U2aQi5kaP4gonOnzENkiHXyiinby1tKMd7v1UjWVJ082gHaQomys3S1LQegPP5InT0ltZiey5QT5Klo15Bmu4H9ELjUAX84iA6lXM1KdGco7sapGSsHo00p7Rb3ocCBeRzqu1+j/2mP0lzUkt6jY+5Fy5IuKPThzgh5ad26mY3hq5AeSM6iWc9v8A6RiKA72Su04uKgY6qDbNZEBe+pJRXrb2EsbR1NKCcU0GtqfhfnE6/inZC1p+gj16bKqWVZFjV+DQozTyF4c+skNt2oCDJNa4Ajk4u4FLPIwWGVo4AC3xVVrA0f1lwPQHfBM5lPe5e49NnGyKtNlc4XdLY9FwgNRCDzqoD+JVzHSDXkw7tBPvSBia67ILDoDRZAFRLFLJGGzcpYkHW9lntn3sGJuc5zQI4QwXNtSbn3Ba7Uv5TkwGZAHEXFhdbBszGyV8j3RsyvedLXFgLcexa4/F5tX5Gx+WN2LvPIve4saczW3G7pWMMrr8yieeu25ZPG25ahzYWhmjDdreorFNExJvvGhWcNo6PylSfRpWgdoFvxQulrLaNib2uTmF1tJLW60JDRcum3IpnSVZFuXhHZdY+XMKu7yC7iRxWRMtOG86ZvcqMuV1QXMN25tOxaafbLWjxZuhf+2UfVI1BtGxpxOudd5cXbr6cENLbzqlH96Pei2iflxCq5psXb+HBdanzhlo/CWAga5soLM2m49C2nCHySRPc45mt3cOC1aGQ5zYnMeC2jBrmnke/cW2ITLpY7Y+Q2mkyxM9M62VWlM2VzmObaR5dpY9XwWwYvilIMHkoxE7PG28crQBeQ9XeteiopQ1rOVdYC1g1ZXw3qbWc0lrOf4pgXX1lFuoqI0RBIfJIe9G2gZe7s5HWT+aluqkzsmbnS81LD/p5ANxdopG01IxwPJtv0u/9p8PpZW1z87CG5ju149S7w7Z6vXLYq6UN2Vla9twJAbb/WC1HlyRzI3HqLbBbPXVUTcNfTuJzudoALk633LFtp6dz22q4QbgPu03F+6ykxNphMbeWL/aCfTA+yxOGTHfM8djgFDfUc/XtSyXO533VzTXhIIiXW5Z3ilyMQ0dKSftIAy4NwR26Ii2Mam3iEDhtO3XKHdZN09qaw5jSewILtHogd6Vze+W3YClFpQ+EaNYM32dEbZwBYNdfhYblDyo6NeN9EjUDc3KO9KW0nKvvcApyZZNSNOxQ8s4Diey6YSEOuM1+/8ANKS1hrZ2+joOxS5ZyAS4+5U3yTXDbSC/SLBSc8jWRxI3alKNybJJvMh8U2RmbnSgHouoRE877+JSMB4NufwSi1m0TRcyAjtumz0+lnHuCibAAznANPUQnEbAPpB4pwcpg6AcHHuSEsQNg09llCWxMAJljueF7lLlIfVc532WFF5TGcjXkbAHemdVuykMiF9wPQoHMjmN3w1DrbjayC7TIM0T8gIyDOALjpU4ORzyEsia5oAadAFsezAyU8Om9t/HVa5PUUrsjZpHMdmuHNbmHes5gtWBRQCDLJIG2LGvGbTTcTfgtsenn1ez4sCcVAcTkMWrc1gd6w8kL+Wbyby4Eb3E6hX6/E2+eCaoDS9gyugLTrbde2qnbiWDVpY2bDZIbNOZ9NIWnhwdfrXGyXcZ4xEQxYgNtQOu5TCCMkgBhI32WRmwujna5+H4vG42uIawOjd2AjQqjWUVfhz421UFM0yDmAOzZvArmcZh3GWMhMbWjQsB6wFTkNpn5TcGyIS1DHHM+JtvVDTp4qMuL5XPJubDVdafbnVraydMR5xTHgZB71LtGf2ypIjNyQM3BVKfWWKzspzgAjgrO0MjzW1QsSwW17lrqfOGGj8ZYCIgy2t2XK2jDn5KWzgACLhanC4iUHgD0LMx1Eso81pDeWw5SThGPiU+j7PWPdU4o6EP5kL87zb1uAUufX6R3iFTdAIHPjjfZocb8SesoCG250zt/BYTD1RNLpdGDdpeXdbihdJT3s8E36XLHkw2sHFx6SULyIxfIOi/SlLuW6ieAwvazICRwAWPbI6M3a4t62myF87yNC4aW7QouU6ferjNOMuWVpscxKlPzdU4t9mQB48HAqQY1DI8vqcJopHHe6MOhcfum34LDZwnzLu2dLI5V2nOATnlAQNSpOSq3b5WNTCCZ2jqkg9FlnbWpAYnuvchFHA5vpSNSFKSdagnv1ReZRh2srj3lLXaIxsG+UdeuiYNp2nWQEdadtHT7/SHTropBDA3cz8ApZSPPSDe4HsTCopxuY93YFMDE0aZR2aort39PQE5WoQ+ctvpTyd4RCZ+4U9u0hTWbuLrdgTtEdsvKEJyVCNrpxrlYOi4vdC6Soe7WZg6msUrsg5xLnW6SbJCePKMpAPRZOSoRBkz72meRx0snbTudvLietxUjp79FusoDUGxBeLdqLwTqaQgkOe23sj81I2ANHOLSbamwUDqw5cvKggbrFQGpb6xJKUXEL5yNZbOAOkEIHysaBllDjxuTp4Kgatg3fBMa0kWDVaSclzl7vJzc0bhl1KZ1aQbtiA6ncFRNVKdAHDuUL3Fxud/WUS1mbI4egy9ySQBvUItaxGo1aepQi4PpC/inu7Q2JI3EBWJhxLKU+M19LHybajlIt5imaJG+BVuHG6IyuZXURuQDnpnej1ZT+awTXF3Ag8WlPltrZW5jpKiW1RQ4ZX6UeJM5Q/upm5HfzGx8UL4sSwyVskUE0RB9PcD2bxZavlDt4Cu0eI1dC0up66aIA2LAMzfA6LvHO+2eWnXTZ248+YAYhQ0lV0mSMNf94LCYg6CTEZnU0JhiLW5WF2a2nSlFjdTWEiop6Z53CzchJ6VHJd0r3FgYS0DKNw1XfE8w55jiUsGksR+uFPtEHtxSZzgRG4AhxGh01WKNZkmY1nzjw70Wn/yyPEpaytlMlWTkc4EQsccjdOtTPnLhNPxjljbmWQhhs0et+SzeGkMyRxmzQdAOPWViWM117FlKAtE2oKlOrBVU8jquXcAXG1yfgovNHD0ntHYLrJTPHLvAbc313lRZyQbMdfr0WUvREQotgjdf5117+zZSeai2W7nDoBJUrr2PoNP2roT1EE9ABKVK3CJ9GwDW3eoTA1jhbL3WVkRT3sYnBvciMLB6Tdet9kqE76VnsL2BpIIHC6iNO065R23Vt0cZBDbX6tUPJtIDW5jboaSnBUowZDewzdgTgm1ybKnd5OsgCa+be89wULXS8De78UuVYRq8eKqCIuOge7uRileRfkj3kBC1h1RE23Ov3pedwg71XbT3OuRva5SCmYPSlYD1NJRRmrYBzWuI6UPnZO5jrdZRiKFo1e8nqaAlliIIyPzdZ0KIAVUlrZPFN5zL9UXU7YmFusLb9pU7Yi1vNiDeizQisdmked4PYCUTYp3DTMB1NV7k3uNy49wRCnLyA55HWdEKUfNJn6l1u0gIXUrhxLj0ArJcgG6c13G5ddI36GhVKY3kGt9Jri4cBusm5FrjcNLW9epWRB6XMJ+rvQlwJ9JylrSo2mabWLz2C3wVllHTuaA5zmniXOPu4oxLewDnE9GZSspaucXipZpB1McUs2om0lHlJcWAj6pt4lVOVgdKQySENHERge/RZpuz+LS/wC4vA+uQPeVLHsbirj6MEd+l1/cFbczXthDFHlFnZj02tdBLCWi4LLjgHC62uLYarcLTVsY6msJ96txbCQADlaud3YGtUo34tAeGkWeLduiiLHNF2SAjrK6azYnDGjnskf9qQ/BWI9lcJi3UcXaRc/ilOZzhyxocGCRzMzL65XAlKWs5QBnJZWhxdYC2pXVzgWHDR1O1w6HHQdyjfg+GtBAoqfUWPzY3Kxwk5Q5U17zoGtbqNXHtVmFnLtIlme6zfRaco/VBi9IKHEainaSGxyEN14cPwUVE8lwuTxXeM/TnL3C6IWxvbkAaGuGgV+rkfTslgETXnmkknh1Ks8/N3I4hWK+bNIBfXkwSFpl3wzw65QR0wkAI328FkGUjYmNeD1FUqZ/OsstIGupGjUancrPRHbEzT8pWOja173FxG9SOp35bNhdmPtP1QySuExyuAbe5uoxMxxuCMw4kErPZ7a/k9JWiVsmV7WtHt5bqxE6J0TuUlkc7hkaW/ksealrNM5ce5OJcwDhE956mmyRhCZasysyNZG9pEcsosbl7rXKTXU9yGQsJdvub2/BVzPUG12OaOiwHvKEmofrzW67zJ+QXW2PqHE5zP2nNRJATdt77g1osmlqQ8WcSOov/JV/N3uPOqGN6bBzvyS+TWO/eyP19VgAVqUuJRNZHb6IA9ICLL0NWZh2cxiTdSZB0vcArkWx+IP+lnhZ1XJWFvRce2uta8eqfFOWO0JH4rbG7EvIu+tHcw/mpWbEwg86old2MA95Q34+2oZG5bkt8UJa2wy+9b1HsVQg3c6d38bR7grkWyWER6up3PP1pCVDfi5y6Ikhwde3cUbbaHML7t2q6fHgOFR+jQQd7b+9W46WmitkgiZ9lgCUfkj6hy+CkmkPzUNVJ0ZYzZZBmEYk4jJh0gv7TrX8V0a7RYJ8zQlJ+SXPxs3jEh0po4x1yBTM2NxF5u+aBg6iT8FvWcBIyBVN8tOZsNI4/O1/3I/zKuM2IotDLUTvPaB8FsnKBNyh6EpN+Xtho9j8JYOdHI/7UpVuLZ7CoiC2iiv0kX96vZ3Hglmcibp9hZR00X0cEbT9VoClDW9Cj53SlY9KIk5o6EJe3pUdhxKYlo60QZkCEyhAXsHFA6eMcQijMh4BAXOKifVxjW4VaXEom73jxQWXZzdV5G6b1j5scgZfntWOqNo4Gtcc5NugK0lNT2qbyWP1AG5wa7xAWNoY3SStDdSTuVrGqttfXvqLaEAC/UFXo26X611Haz8WXqKeZlO5zoyBfeVDUOMkkRBBaY7ENINrdKaYnk326FWgBbkcdxutcu2ePS7S+ldZd7mikY4782vgsHTTMYAXG3Sr9XUh+Ehzd3K2uejRSeliOUE1PG+WRwErtfatbwTNpoz6MLSes395TwzPdqGtzHLckLJQPlsGkvsDuA3hW4KV2UdSW/NxBnTZlk7aYyPyyTNB6OUF/ir0zHSRuJGW+/NpZUo2QwvvyjAegG9k3G1ZZhlLlOaa532Fz+SUdLR6/NvNtwsBf3qKSqgj1zPc76rSVWbjNO5xMcMpseLgBpw0uuZyWMbTyyxRkBlOLW1DiT+SnbI3IQ2NjTa/o396w8tc6R+cQtF9DmJKB+I1QiOR7WEG3NYFJyXa/9k=, filename: thumbnail.jpg }
