url: 'https://api.telegram.org/bot3f3814e1-5836-3d77-904e-60f64b15df36/sendPhoto'
payload:
    chat_id: '-123456789'
    disable_notification: true
files:
    photo: { contents: !!binary /9j/4AAQSkZJRgABAQAAAQABAAD/2wBDAAgGBgcGBQgHBwcJCQgKDBQNDAsLDBkSEw8UHRofHh0aHBwgJC4nICIsIxwcKDcpLDAxNDQ0Hyc5PTgyPC4zNDL/2wBDAQkJCQwLDBgNDRgyIRwhMjIyMjIyMjIyMjIyMjIyMjIyMjIyMjIyMjIyMjIyMjIyMjIyMjIyMjIyMjIyMjIyMjL/wAARCAGQAZADASIAAhEBAxEB/8QAHwAAAQUBAQEBAQEAAAAAAAAAAAECAwQFBgcICQoL/8QAtRAAAgEDAwIEAwUFBAQAAAF9AQIDAAQRBRIhMUEGE1FhByJxFDKBkaEII0KxwRVS0fAkM2JyggkKFhcYGRolJicoKSo0NTY3ODk6Q0RFRkdISUpTVFVWV1hZWmNkZWZnaGlqc3R1dnd4eXqDhIWGh4iJipKTlJWWl5iZmqKjpKWmp6ipqrKztLW2t7i5usLDxMXGx8jJytLT1NXW19jZ2uHi4+Tl5ufo6erx8vP09fb3+Pn6/8QAHwEAAwEBAQEBAQEBAQAAAAAAAAECAwQFBgcICQoL/8QAtREAAgECBAQDBAcFBAQAAQJ3AAECAxEEBSExBhJBUQdhcRMiMoEIFEKRobHBCSMzUvAVYnLRChYkNOEl8RcYGRomJygpKjU2Nzg5OkNERUZHSElKU1RVVldYWVpjZGVmZ2hpanN0dXZ3eHl6goOEhYaHiImKkpOUlZaXmJmaoqOkpaanqKmqsrO0tba3uLm6wsPExcbHyMnK0tPU1dbX2Nna4uPk5ebn6Onq8vP09fb3+Pn6/9oADAMBAAIRAxEAPwD0z4fE/wDCu/D3/XjHXRmuc+H3/JO/D3/XjH/WujxWy2MnuGaOtGKDTERyPsFVDMc9aluGJOBVbvVxWhDYT3DJEzZA+teZa1qaz3JVHLYJAPqfX6/0rs/El41tppjRsNJlfw7mvNmxJKQc+WODt6k46D+tefjZ/ZR34OH2mS2gLOWkbCg85PGK04ypDFRx0wDgAf1rNt1LMoJVVH8I/wA9O/4Vp7ZH6EKo5ywzgfSvPVuh3MrySFm6rgdABkVOseFUHIJ56U9VZnyzlu/zdKthRx3Prihq7NYuyI4ocHJ4XsKtKMjn16dulRSNtXHPTPHc9qerERjcVBIz16Gm9CojywEe3uxIOPT0oRCpzzzwBUSOXYMOQByf8/WrIG4gtwn8/astyhuDkbvwFL5YbAPGeSRU3QZf6njqaVEyuSePc8UrAQlABwR7n1qWKMMcEfKOxpRsDDJU85AH9asxJhWI4G7AqojsV5FOPlwcnmozbo2STzwMA1ZMR3ls9RnFRpGzEEAdMAihsLEZgBTa2DngdsGofKGwMAN38W31q8qnaTyefSmxJuUADAOSffmluOxXEeOnQHI7cVOUVRnGQ2MnuKkjjzuHOVAznvipHUbGUjnsPWkkLqUUh+YhWKe46GpAAoIfofSrQCtwB7H3qtKqg8+nFK1ikREYJ9V6nvimsTt2/nQxwST6YxQVGC2eOtIQ1cHkngjqB1rNvoTuLKCCvoavE4wPWnyIGHvjmncmSM22aO4G1jtlA4JGD+VQSM9nMrLwFbkDj9PerqRr5oXO5d3AbsfY9qL+NZocjd5q88jkH/Peqa6rcw0vZnQabdpfxROQAWHLE8N61v6dB5QKNyQBtbvj0rzfQr+O0mw4Xy0JaaMn7i/31H8xXqFptaJSu3aOVKngj1r1sNPnR5uIhyMsUhpc0ldJygM0UtJQMUEjpTvMI7mmUUBceZTUchLCiihaA2U5IyKjEjJV4qDUEkNWnchpjUnYnFWFbiqqxFTmnNIVFJq40yzketAql55pfPo5WHMUPh9/yTvw9/14x10lc38Pv+Sd+Hv+vGOukpLYp7hUcjYWnkgVVmf0qkSyF2yaZ7UUE960IOR8Zz7Y4olYh5M/gBXEGPlI493PPJ6D3+tdD4ouC+rSbs4QevYf/XrARsy7SSO7t7nqBXi4ltzZ62HVoIv2caFQ3RAeMclz/h7VoFsckKmP4urH6+lZdrI1y2VYJCnJOO3T/P8AXtoSZX91HFsUjq55x9AeKxSsrm61Y+CPMgZu55yMZqy5yQBkgVHECAMED39aVyeccAClsbCjJxx8qjOTSF0kwGz+VPQhUGck44HrSIhLlj1I6UnqWiWJAoJ3YBOOe9TK5JBx9PaoEAKBFAyBk/1qzGc5UDt1NQOxJxsx15xSg5bZnGeMUqjA5HJ7VKkSl89Ce5pWKViFYl8xWMZUsOh7VaDEg4457VKF6A9CMEUQoNzAnAB7/hVKINi7B7/hTNvXGB3AFT4w2ew9O9J5YzktkDnj+VVyiuV2XDMc9utCr8oHQ+3SpXwHRR93qSDnNCx4Pf15o5QuQqAj7jn0NLg5G3p2pXzvz0+lRpKGic9xxUsOorA+XuBPrUEhyACeM9atg/IF7j5SKrzgbeG6cYqWhoz5Hy/zNgZ4BqTGYeDzSMo3AdsZ59fSnnAj5+UngioQ2UmO1UHPoDnvUnzyJ0G4DPHUjvTZmKjKdPY9adj5AFOTj5RQJkTQoW28ZI5x3FPkjJtJMkO6Dgk84+tInLqHBHOBkd/rV6KMYBbjqM4rSOqOabszjpn/ANJVtzCRTjjhiP7pHr6HvXqfheVZNGg2n5cELk52jPC/hXnPiGy8uPz0UhozhtvORXbeBr+O70CNUIyhIYf3T712YN2nY5cWrwudX1pKPxor0jzWFFFFABmkoooAKKKDQACkIoopgIRxVOcHNXahlTctC3BopUZxTmUg02tDMrfD7/knfh7/AK8Y/wCRro+9c58P/wDknfh7/rwjroHfaKzS0NZPUbLIFBAqmzZNOkfcajrVIzbCmucDk4Ap340yXhDnpimI888W7I9TbPC7VOPWuWWRpOSDluMZ5Oev+FdF40IF+znqEH865u0yzA++RzjHvXjVl77PWo/AjcsnSJUVVBKnORyC3+Aq0zM5ALjP0+97/SqFt+6UyPySPlz/AF/n+FW0XksTt4ySOrVizoiX0+aH5j930FBLBwoGEGST6n0qFTvTGDwQMHjtUzOFcYw3pUGqHgHr144yakRQq8Gool3KCx47mpCQj8jt2qWy0PRlMoVsZH4YqdAFzggd8mqrKDKxY9OM1OgV1GOuOaQy3G25QV/AfhUyMM5HJqsucYJ744qwh+Ucd8/lTQ+hbQDHTr+tRkhZsc/40isp6HLdcHpSt1HA9ParEWYirA7jggdQOlKyxlwQOT680xQU4UcYweOKTknAIAzgVZLQjhQ+ccenpSsRg5PTpSZHJxy3U4ppZB/EAR1NIYyUFlzkZx94elVY4t0xTnAGSfXrgVYaT5SqHgDvzn6URiREJO3Oe2ahpDAjAOe/pUMiqOCB6VKRJvHQcdaikRs53DPekwKjBFbb0xTnUEDPHFEqBnXIG72OO9NaQAY6H3rMZXmAMeMfL/KmMMRZDfkORSzKZFKq20BhnHOMVA+8KAg/i64/nSGCMWnDKc5J71oht8YXoeoPaqEeVyCuQeRirhbKoeBu4znofX8elaQ0RzVNzOvJBNK8DjDyJjPow6VF8Prl7PX7nTT8m8NJGCOoBwy++Ccj61FdjfqSRFiHG5Tg87SM/j0p+mgN4psZskTI6lyg5+6Ruz3GeDWlGVpmdWN4WPVxnHbPel7U1TxgjB7inV7R44UUUUgEooFBoAKDRRQAlFFFABSUUUwK8sfcVWIIrRIBFQvFmqiyWjH8BPt+HXh7/rxjrYkk3E1zvgZ8/D/w+PSxj/rW7VRWgpPUKKKTNUSLiobg4Q56VLmoLk4WkwPNvHDFp7dO7ZYn8f8AAVg2YDLEOquu/wDCtzx4MW+4DDMNv0Hf+dYdtIEjkfGNiKi4HbHavLrfEz1aL91GmoMkjbicdsGrYn2rhR8z9MdhWfbS7tuercsfp1P9KsQOC5kXJz68CuZnTFmhGDGAC2S2MetSqArOfvA1VjkOTuyeBz2q5Hnb15z2rNmqJQdq7gMADinpg8sCecgCmAZAX05+tBbC5OPoe9Sy0Soh3Mv3h61KJhjKDp3AzzTVUDk5NKGUSEKCRjPTpSKJoC4ADIfzq0vzAHYAQeTnpioIgDkE529cHtTt8uR5cTE9y2AKpICwZAzdOT078Ub8t6EDoP8APWolSYqpaRF55yMmhoZgRtkRh1wRz/OquOxcDEdOQeeOppzfMCuOOgwO1VlaaMbmj3Ajop6e1L9oAIDB+ndTVXFYnJOMDj8KYMAEgkHPIqPeztlYy2PfFIpLMw4HPBCg0rgShcngn3JoJJ+YAcccim4Zc/M5HTsKayuwP71gMjpjNJggJYfd6daazls9getR7ducXD9emRTggXcBJluuehFRcbKsp+ZnAJz8uAKGTvzzwKlf725jnHIz60gGF4yQc5qbBcpFdqsSTyelVZG+XAwN3NaEq/LjjnnFZ1w3zbR93GAPSkAkcwRic5BHIJ/zipTOjpgDg8EVgzTvFJ5fY4yKjW8Ky4B9hVJmMo6l29k26rYTFssZFRiTznkc05mOn6vZX8TAos5V8egIz/Osu+uQZraRW+YOrcdRzW3PEt1pQnGOLt/wBB/+tVw0uyJ6WTPVkIeNSDkHkGnVR0aRpdHtDJ9/ylDe/FXq9qLvFM8WStJoSilxSUxBRRRQAlFFFABRRRQAlFFFAwooopgcr4F/5EHQf+vGP+tb9c/4F/5EHQP+vGP+tdBWq2MnuFNp2abTExagufuE47VPUFx900MEcH4t09ry2YqTgdQBxiuQZTHEkR+UE8c9q9NvEViwf7pHNec6xG0OrToQSR93HXBHFediIW1PRw8r6E0fyINxxkgZ9vb/AAqwcJEBjA5wM9KqW5zcBM58rkkeuKbIzMzEfKBxn/PeuRnXHc1LYmTIdseiqM4xWjE2WYk88HisizGFznPqev41qxKAGbPy1mzdE6NnnPy5/KrIRSuDznnpVREO4jHGKuLjI9ulQyrgGIHA79KerFOdmVPWnYA4HXPSkbheR8uaRRZj35BGAD1AGTirEZI4Izg9M5+lUo3OMnBHSpfNCushOQevvTQdS6RiPrk9Dxg81AyFTuPzc9CeKsqiSHPGNucH0pWhypOSx/Oq5RqRTinJc4Xg9vSrW/GMHJHY9aaiAHGPm7HFJNERyBgjkHJo6DbQ7knI5Ge/SmnLEZHy542jAHFMRpehI4HBPJpXZuFyc+4pCFLqi52574C00tKVIEXynsWxUpcDPOcdSOgqMyEDAPPXrRYLlZIGEhduODj5hxSzQkuZElcMPUgip0OcnaOmM9qY5LAkYwTxj/Ck4i5iFWZ1wwAbPNS4C/l0qIHy5iSOowfelZgpLD/9VIGQS9R83T071RuRlWJXJI/Krsu4g4HI65FVJtpQ4I46VNhmLcwZQBgCccmsJ9wn8sNjGetdPIgb1PGAKwXiJvGBXO1ycHuMUbAypcszTwlRzgN69DXQ6bMZ7TTbRQSZ5ckA59sY/M1zySRpfMzklY1C4HU5zxWt4bSSW5EzsRDbrtTBx83tVxkooycHPQ9ms1WO3jUEHaoH5cVPmub8O6qZZWspGLNgsjHk8da6SvYpVFOCaPGrU3CbTCiiitTIKKBSUgCiikLYNMBaKQHNLQAlFFGaQBRSfWl7UxnJ+Bf+RB0H/ryjroK5/wAC/wDIhaB/14x/1rf7VrHYyluLSUCimSFV7pwiEnAwM5ParFU7yN3U7McjBzSew4q7Oa1W9a2YbU3MOpPauM1WY3Op/aBFtOzBAORkdPpWzqN4HvpkcEMWP4msW6baGCKFLYG7uBkZrxqlaUpWPbhRjGCa3C3hMe9f4m5yOR1phCq6lvvA9O+M+lSoQ0xXJxnnnooqJCGnDY4bJ69Kl7Djua1ogKkkAY/lV2PAA9KhhUKvTnAqcYA5P41BqTr1wDkdM1OjED5etVVAU5GcfzqUTLBEWYdsn2qJFRZaMqRgs7bAO5701ZlbO0ccfU1ky3ETO0hlIVRjeRgD6Z/pUEepRxOTFIZBwFIHJ981KTNG0jeU7/unJHQgdBTtpK7QRgn8q5yTWlRyI3LPnBIBOMdapXGrSyplrlyhBwFwDj+lWoszc0dqLqKN1AfcF+8B1FXlulRhHnIbnrzj1rzzTrm4mYl2dxjGSeQPw610NrcuoX51/dse5ORjgfrVWYlK50gYGbcp7A/rTpdoON3A7VnNcEojYO7pT/N8wAZ+pJ6GpZqixGytFyDxnA/GopJNoO7t39aqrKw+Uc9T+tLLIAMtjaOaQ3oPuLhUjMpcYx1JrCuPE8Nt8zNlSfvD7o49aW73MvzEDBHIHX8K57Urdbhi/XAxyOcDpVKPcylKxv2fi6GbJQK4JGFUHP1z0FWm1eJlVnkABHADYGf61581rdCZRsZhnOANufwrRtra+nOJrZogvBdmxuHpjk1fIjP2jOqGt24LBpFJIxwfep4NTHR3YZzgkEg1x32d2kKLDKqDJ343EfiMflVuINDMryRzRrkfNs5I/DpUOKLjO52LTJMhMb7vcdvrVOUkDH5HFULK7gZPllPXg7WVj9c1aL7zgAqOwPrWRZE64AyMnA5FZ0qqs0mcZAOQ3r6fpWrMCEJBAJGPT9aw76XyzI3J5xkVLKsZUcG64MjDIcfp0zXR2m22jMcORlso2Opx1rBtT0K/dADn3+aujgicRhyPmY7gD2pIuCNnw9CtvrNvPli28KSe4PFeh155Z5jVCCeDnkdCK9AibzEWTH3lB/MV6mCfu2PLzGPvKQ+jFJS13HnCUUUUAHNIRnmlpKAADFFFFABRRRSAKBSUopgcn4F/5EHQP+vGP+tb9YHgb/kQtA/68Y/61v1rHYzluFFFJTJFo8vfgdqcilqnAEa59KmT0KitTyzW7JhfTkLkGU4IPQZNYUkYEhD/AHj2A612usKq39wP+mrEe3cVz1zasRhcbck59PrXhT0bPpIq8F6GTuKvNkfMSQB/WltlYyKR06DjvS+WZCxQqMHBYngetW4RhE2j5V4XPBPcn8f64qlsc/2jUjP7rjk4z7mnAhipB/8ArUiRgx8Dkgjr2p8aEAnHfIqWaBu2nPcd6pXkzMuPPKKOSVU5/rVqYDnLEHt2rNlhEmDh2UnnHFJjRlOY5JjvNye6s5LHn26CnyWlzdKPKMiAdNy4BH04FasdnExUuoCD1HStAfZYwWkMaLn7z4x+ZpqQnG5zEGgX7rnyg0cZ43scA59MgfnmtS20WZRlolRe7buSPwFTXvjHRdLiZYpftUqj7sIGB9T0/rWfceJ47iUx3nnqM7XSNgQpx328k/jWqUmtjP3U9WaH2JVwVYAj8c1IsjQNhmJ55yOM+tUo/JkcPYzkd9rHOfqDyK0LcrcpsZGVu4bt+NZO6dmbrY0ra6WbKk/MT1J4rRS0DI5SUnpgHoK5d4mtLgBScN6dMV0lhK8iKx68EelS3ZjSL00ETLtZB8vAK+1Yl9I1vnaQyjv0Irek2B84PNY1/GHdEbuwpXuwtYwi0s5zIzAdeT1qV7uwtEXMsZ7cnn8qt3UU0cLMuQBzuxWTBo1zqNx826HH3ppByPoKtK7sJvS47/hINJhKiaTZnruQ1qQappN2AsN3byMDjaJAcY9q5LWPD0Ntd3UQyZtoMUknzZBHSsZrKWa3/wBL+zuVb5BHEox2A4GT9DWvsfM5XiFfVHpskUJ+YqG56AkZPviqc8VvLklRuLZAHQH61zs+g3OlaZFLBc3MUzKN8XmZwcdOadpup6gE2zx+cg4Ljj/9dZTg4m8GpK5swReXIRCm09Dzn8auIh4B+YZ4HAzTbPdcKGVkCdcluRV8Wu0BmfPcYrNllSeMeWQe/GK57UIpZz935VJGMdOO1dQ65TnrxxWXdRbwQoAYj6ZNZlN6GVY2yoiqqbV64zyx966UhjbRDAyB+tUYoitpHKAWPB+gORzn6VowfdBwSQM807GlN3LUOPJibH8LHFd3ChjhRPRQAPwrhNOR5J1i/iMgT8CwrvWYDPNelgVo2eZmT1SF6UZFVZbgCoDdHNegos8vmRo0VRjuQTzVtXDUmrDTuOpaSjNIYUUUUAFJRRmgAoo70UAcn4G/5ELQP+vGP+tb9YHgb/kQtB/68Y/61v8AXpWsdjOW4U+NCxpY49xGatrGFFJsEhqoEFV7l9qk+gq4RkVRu1+Ums2WkcTrJP2+cj1DY+oFY1yrS27KjbXxxjvW3q0RfVwoONyKc1RlgGCqhc+/868arpUZ9HQ/hI5+zi823wQMRtyOmTgn8ehrRSIxW5DMxklwdzDoOeB+dNtrcx3Mob7skfUjjg5q/fLtkDNy5IX12j0rSPwnLU0qWCMYjIA7cVOASp28d+magV9uD/d7etWI8MMnlevXFZM1RGYJm5AyD02nmq0+9I2zA2B1LN/hWyiKfvcDtgVDLpyzEtI7bB2bvSQzir+51EfJaQou4cOcnHv/AIVBpeiDULjzNWuJbjbjALfL16cdK7lrONVKqnGMZqo1mjY8h/IJOCwxwPpWkZJPUTV9DkNR8PrZvNG1sfszZKSIuQB6HHTFT6DoSyILe3haKBnzJM/Tb3x7/nXYWtlcc5ulcMcLkDp3z61caEJbqXk+cL/CcbSevH1rdTjuc3sNSvqttYzogS3DuoCq68MB9f8A9dQWdlJBdgvExtiDne+XBx14qwJehRSEHc98e9PnvJBEFTCluPfFYSalqdUY8qsihqfkG92wjCgjgdqsaXO6RnA6cgmqMq7dxPp+NW9ODKvA69zXPJm8Y6Gy0rFVDtye5FZt4SG7+nPar21nQbwBVG8Xy9oz9ai7HyolzFf2PlSkKFA+XpyP/wBVUZLMbsrLIMdG35/rUkS7kJGeO4p7W+/DAjPTAHWtoszs0QT2Qu40WSP7TtPyq2OM9/8APpVFNIaxmWW0047xyhkfO0/mef8ADFaPkvDkpkMOhB5p/wBsvgCPKD44znFa+0M3TuVprC5u3IuX2oQSAp+b6E9PwqaGxiiUoqjPqf50/wAy8kIzGF+rZ5/CplhlzlnGD/s/1qJScilFIrrpcY2z4Bx1+X/CtFYsRYC8Y9ef1qSMALtOM47VA5aP7xI9yKzYWK0nHXr0PpWXOx86MDHLDOR0FaNzIMhQCCwPFZ6IZZx65yR7f4Uo7hLRE8CbYymONvGRwSOn61btxuYgE8dCO1V2byv3p5YDkf3uetXIGEcUkjcAL3q2i6W1yfRBtvVJOcTFuepwK6iS5JGAa5XS9ysjlSC258ema3lJIr1sDD93c8XMZ/vbEjMWNJSUV3HnMUHBrQtnyBWdV617VM1oXAuYooorE1CkoooAKMUUUAJQKO9AoBHKeBf+RC0D/ryj/rXSRR7jWD4Bi3eAdAOP+XKP+tdSqbRV30Ja1BUCjpTqKKkaCqt4BsOemMVaqrdt8hHGaTdhnF6xhNRgYnGY8D8Caz3bbIR09Kva+jy+UyjDKSAT781mK4urcL92UZB3fyryK6amz6DCSTpK46NVkmd9o5ibt6cU3UJMyGQjkucYHfH+FMsjLDeBHXDMNoA7j1/IU/VkRVTauVA3Y9M88++e1VDWBz1f4pXVgD0J71oW7fvM4DHoOKykJIyWIP06VcgmAU9NwHHuaxZsbSHI5PJ7981P5YkXafu+g/iNZ8U2W+bPpzzV2GfB4IyOOe1JMqw+SLAAzgjj1FUZLIEnawQnqR3q+WOAy4z0JJz+tQtIOjcj2qrjUWZ7WdyoG25yo7AZpwtHP35Cxx0Jq07853gA9PWoeWBAGCO5/r60nJDSYFUjjCkZPQexqELnc/Vv5VY8v5SzEk981UmPynaCF6Z9eKl6lqJTkAlkbLcbsDFWrZv3gXPyg9apvkYQHDHjg1ctI15PK9x61maWNQMx4H3m/nVK6QshU9QPyqwCwOSx5OAScUkqMy/MAQepoaC1ilHJjGTjPA9jV5AU+Y49+1USBGTkj0KmrMDrtBXnjJXNUri0JCi5JVWz1PpUGyXcGDbR7cVfMf8AdPB9KPKy2T6d6eonFFZHKBQxJOO/pUyOXI7D2p3l84IAx6U9VCnOBwc8UtSeVIVwpT/ax1qs5zk5yPrSzuACWcr7elVPNyS46eg6mpkybFa7Ysv90g8ZqtAuWAwRvG3PTjFOupQULdu1PtCVmMhBI4woPU9AKqkryM6rtEtm2Ekyhs4TBPsfSnSubt0iA2xKSZPfnpSxEpIQFy7YAXHPWrrWYiQsW+fqRWk07jovSzCxLPMzFRgYUVsx8LWTp65RW/vEnFay8CvbwseWkkzwMZJTrNjqKSiug5RavWtUUHzCtO3XAqJs0gT5pOtFFZGoUUUUAFJmlooASiigGgDC8AD/AIt74f8A+vGP+tdHXOeAP+Se+Hv+vGP+tdHQtge4UlLSGmIPxqvcrlCOtWKin+6aBo5fU4Q9vKoGSBuHrx/9aufW23usw6n0711U/EuT26isR1EM7QjGAxx9K87FQV1I9PBzbTgUZDHJKjkYKMDgDnrgiptUQLAWxvJZY1HUMT2/lTZkjEytgAdSfp60sqefHbKSx+f52zgjg8/yqKS0Zdd+8jGceXIY85IOCR0J9qmRijq474JHp2qGVdkzZHs2fUenpSJJlTjNYvc3WuppxMMnYfUnH6VYglXjGfqeOaz4pir7weCeAe9WVkWVyB94v19DWRqjTE27AxxtAH1pzgY5PJzxmqcLkZKgjk8Y6+lSOT1z0P6UX0NEh4USMu0ghRx7mpEVRGwwPl55OKWGLCrg5Hufanj5U5HvgU0hkDspYZGOmKzbudEjxlmDcDj61cuphGql2UKMNt6HOKxHd7u5bqFPUA07dx2FifMqq3J61qwkbQcjnqKyCoE44OVGc+1X7dhkEnNJrQWzNdQR8wPJHA9KRoyAck5xz6UWqb1LMDjBJx6VK/EIBx34z7+lUopoObUyLsgrkc49arJMtsN7Ahc/NxUl65VfLU8nnNMlK+TjA5AGTUIdkbFrexypww28Z5xVzKnBJ+cjPpXICSXT5txDeW3GR2Nbdteq8asT8pHOe1XsS9dUabDkAAdzTVA2lh2JBzUX2jKkfwngAd6Uy/e6daliIbpVYEDByPvYqjLtQA5+XGAatySZQAHA96zpH65ySFwB1rN7isVbs/JgdDxVuxcbWkyEIIJx1IHes+ZsKD7dKuWB3FVHRQcg9O2P51tRXvGNf4TS0wuGkGMsjld2Ox54/HvVm6lKoyg8sAB9ao6Y2y2ZmJPzEsO3p/SpVlWefeBkJ909ia2hB1JKKM5TVOlzM0rJcKAOwxWjVGzXAq/XuRVlY+ek7u4UlLQKZJJAuXGa04xhaqW0feruMCspM2itAoooqCg60UUUDCiikoAKMUUd6AMLwB/yT3w//wBeMf8AWui71zvgH/knvh7/AK8Y/wCtdFQtge4uaSiimIKhlPy1KajcZFAGFdD94ax9SibH2hASVGGA9PWt28jwxNUW71hUhzqzN6VRwkpIwDKrMmcFSRk+2ean09fMt3MudxnOPZd1PutHWdmeKZ4Sw+YKAQfwprJ9lLKctnOD6n1/SuWFNw0OupVU7WMzVrdhPIEUDYQx29MknP8AKqcUZRsNkr13evpW7MBPPMxP7qYhmOM8kf0x+tZZiZMYChQmSWPPPNYzjqbU56IjVGSdWYjyic57g1bwMnGRkZ3e9VgSyKgJPoOmaYk5XBOBz0HrWJ0pmtE+1cE4PrUgIBbOaz1kJAbgsOoIq0sgKDa5z1JPepNUXRcEbc8ED5eOvFJNcfIyfLuOcDdmoYgVOccHvnP/AOqkkgUA7MehI6/nVoHuUJFkupAZT8q9D6egFVUxa3EgIPPIz/OtjCIioDnJ4I6+9UbuGO4LB0JC8bs4x9PpQO+pBJfWqDDuoB7E1HDfoGDROjqODgg4rLv0Nk3lRQtK7g7Ae+PT9fyrMt0nEKSFdtxK2cjjHTn0PJAx71oqd0Yzq2Z6DbakERQhGGHQ96jlv8lixAAzjPauVklvLFhkRvyRvVsAnOMjjpmmG8uZRifKDO0MpzluwzQqcthutFbFq71gJdERxmaUckAhQv1J7+1SwXrTTxmfYAOdobPfHP0qnJo4W+bDF0aIywnjIGMHH+fpVjRLFvtd7FOS5jh2qcg7gQOQe+e1W6dkZKs29TaC+eGSUDbjBU8gH2qoiy2UoXJ8vsOoqZJCpmRmCodrhueTjH4/05zU52NaK7uu1QAZCMjvjd/s8HmsnBmqqIdFcBwADgZ5z0qR7hsHjoMe2azJI5IGLQ5IB5QEHH+fWmpcM+QBtHvzWT7Fp3Lrz4G0nr6HtVSWYE5Bxg9hVWW6AYrkg/XiiGQudx+6D27VNgbHSsHAUAA9vatI28iKgTMRMed3XJBz/hWXtZpisfzHIHsM9ua1yT5fzIVIz8vpkc49vauihHU5MRLSwsEDbXLSERuxbYox1PQmrsKjIUDAHAA7U0xmP93/AHeKnt1ywr2KdOMdUjx6tWU9G9DUtVwoq1moYBhRUuK6EczFqSFCxpI4y54q/DFsGcVMpWKirskjXaBxT6BRWJrYKKKKACiiigYho96KKACiiigDC8A/8k98P/8AXjH/AFroq5zwD/yT3w9/14x/1roqFsD3FoopKYC8UHGKSjNAjOvY8g1kOMEiuguU3KaxJ48OaiSLiyBuAT6VnTjcJHPZMfjn/IrRIyMVSuo9o+fhXBUkelZTWhrDczbiQxQlQQpKkDHX3P4HNLcwwSqXf5QDtTPUADH9M+pqO9A8/djKbdjg+hJ6VH55ETumwuzsVAGQMngZ79B/WuaR1RZU3Dzmj6lQAePusex96gZxv2unTHUY+tWliaIkJ8zNkA9SeQCfz/rSzQvh41UMeBtBzt5/X0rkktTsg7orwvhyu4deOf0qx5ssbhUjJJ7KO/1qpHGBKCBkcYPXFXQTLIkRGcEgHtUM2Rah8+Yrv+VfQE5/GrbAxqCq7iSAqseM/WltYHdT3yOmCeeOKsFg0qW0iszsQq7TgDjgH8utaQpt6mc6lmZu4nAZtzN1fGAD2/MVZlgj2bnBVcHPOPTOPep5cK+zau+NScAj5W4Cj+Z5qp50JWOEuHJZt7DqFCn5vTnjP1FaqmZyrJoovaeXcS+Yu9FfcS5xwxOcdunpVGWCBEbd/wAsgVUt6qQQR+PH4VemmVbOS4b70kK7YhyFGcKPwHbtg1n3ZgFoIBKzJ5YYELksxJ5GOvY+nWtoqxzuTZPfzqjqi2xdwqnoCFJByufrWPbsGmmSZBIC24c45BGDj8D+VWJbg3MCIPLA2KHHcnnPPuMdv8KobJotUl+zxMYiwQHHI5yCfrjAxxT0Er2NO9k8uErA6xMGzlP4T1wO2Djge9W2MMEEN0jG3k3FWXPBB52cdcA8fSuZN3umMjELJ9pII5A45yR6dOKRbmV7a7tZFIWQMSGHCsOQRnjpnj3pMOVnSS38C3rqX8qMxh0cYIRyRwce/OfQng1e0yWSRChjHmxbzMhUjgk8j1HqO3UV53DPcy2zwNG8qsVU4UbQA3BIx2B7d66nR55440htZ0aROV3gcMOBn0znBHT6ZoshNSW50Kaf5qr5bAhXwMrggdRkjqcce9UbqxkgfKgski5D4+7WjZO5mx9mMUyoHIUbtwyD07HOQfzFXL1DMkzOpWQBnQBsZKgHB/x/OsalNM3pVWjlPs4kYZXOcAcd+/41NFA3mom5WzyGzwD0xRO4nkYGNkkBVuOi8A9Pr396sCWKOVAVIZmyGYdfw/H881ioaGzkMsyAD+6Dl+wIJxn+metXVP2iKNHfdIAQW28g+v0IqtZrbmRJIyyDzcYPQZ6fh2PocVPYDF9KQmAeh9eK6qMdUcVeWjNOQEuD04H4VatIzkVXSPewxyPWteztm44r1UeUyeIcAVZjgLc4qaG2xjIq0kYWnKfYFHuMiiCipcUtJWbdzQKQ0tFIAooooAO9HNABJpSp9KAG0UhyKKAClFIetFAjC8A/8k98Pf8AXhH/AFroa57wAM/D3w9/14x/1rplhzQnoVbUjoqfyOKY0OKLhZkVFL04ooEMYZBFZ9zb5yRWqqbqWS2+XOKTGjmZIinaqN4GEQZQCRxyM10FzByawtUeG2iAnkCbgdg6lselZzNI7mCu2W4aNtyI46EdPxqJd/75EGBBJgZ9cd/Tip5tqOZRtIVWLY79OfrVVS0UaWsjKhLkysoB69D/AIZ/+tXM0dMWTo5VkmOflxtAGcDPy5HckjpSurNuLIDgkOTzk44HHpg/SlV0WIyfdeJQDu9+nPv1P5cU5pmRQHAIQkBe+4HGT+P6is5RRtGRUuVRcOpypxgHIyff/P8AKrFvA0iCUs8ka5wyttyB7e/P5VXmwpC+XkIpIkboB26fjWhYlfLCoRJvYbmAwuF4z6Y7AdufWslHU2cmka1niFI5WGNxLqi9lzjJ9T168Zqo9wkFwgSeMYRpGd+NhIxx2AAz/wDWq3NJGIXDM6ncUOPvMc8DP4isLUNPfUZFWV/LhOcwoeoxxkdz359a3WiOe92c/qeuCCWb7J5rW7vvd1GSw5xx/dyckDrWXDqaFg1zeBhyck8nLDjP4dMda6iewCblYYCkADbjH0qCSzt3BSaBCpI+Yjvmsvaa2OmNFdTBi1xzGsbzCYKuwFImyw7Zx6UxNQumuCUtJHAYbFCBVUAY79O9dCbSzDEeWARycHp+FSw2toASGKgc/Kuf1o57m8acI6mLC9zgk6aQDnksB6d/wpZ4b2QYTyIccZPznPHfpXRLBa53MWPUgcHjjk1JttBIMQlvqePyou2UpRTOSTR5OWlnkfJ78D8hUy+HhNNgptXPJY5z+FdNJKigp5YXqMGogJJpRgHpj8KmTY3OL2RVt9Oht4gFA7AnpVae1S1ukuY4xkr+8IXG4Z6E10CQqBtPXOcCo2tZZHRQrNEXxkn7p9ff0pRk7mNRK1x+nhJYlJbLJlGAJBwMkfiB2q5dXEZshKzu7Kp28gfKwwcj0z/WpLezVFYRjbL024JAbGAPp71QupFRXUEqi5hGc7SCM5H4jFb9Ls4kkzG1UCO3+zqQbiJMMc4JIJ+U++MD9Kr7zKiyFWYqy7s/xdOnoev1xVucxtbr5gZW3OqSKcFRz+Z4H4e9Z6zGCGYLmRJFAkXp8ykcjt2yO3NZs2WxFPeGG4IDExoQT5bY3A5ycfXn610ugxFrVnLFjLIZASOxAxiuUS3XUblZFkxlm4YfPg4OQPyFejaVbKGVVHyqAox6CuzDx6nBiJdC9ZWG4gkVuQWYUdKltLcBAavBQK6HM51ApmLApu2r2Aaj8r5qSkPlK3lmmng1dYAJ0qm4+ammJoQKTTzGQKWLrVlkBFFxpFNUJNSrATUqRgVYQAVLkNRKwgxT/IBFTtjNKOlTzFWKjW/tUTQY7VoHGKiYfShSYcqM90IpoHNXXXIziqrDDVomQ0Yvw6TPw98Pf9eMf8jXVcKK5n4dcfDnw9/14x/yroJpAOlStStiXePWl4IqjvOc1ZikyMUcolIZLH3xVfGDV5xuWqbghqaehMlYkg61aYZBFVIDhqtk0nuOJRu0WONnYhVUEknoABkk14Jd+JU1zxs17NciPT4A4ghbnKjgHA6bjzmu6+LPi9bHT5NBs2Bu7hf37Bv9VH6fU/oPrXh9tdJZ3Jd/mVFYpHjAL4wM+gHXPtUSRoj2WYokCK6g7QuQo+8wHp/TtWXvlihMgXK/eQkYB4xk9yasaFI9xY6eJRiUQAkL64GM8+hz+NSgcrDFxtG7ceTnPb9awZ0LoQW/nBSrMFVXVV3qdpOcn+uanSQuv+rIihYqmRjeenAz26//AF6fFGu1WB2beodsktjqffJ/M020zPdlpSwggH7oZwc9yR7Dp2qWrlKVie2t93ntIEJRgI0HIz/9bpk1PZugmjIf5SfNAAwTg/e9h6ZpkbNGTGLY+bsOE7rnOC3bPp6U+JRFMAyhDIAWbPp1/DqPw96mxopXRsucgKF2hlLEjnYD0b8Rx+NVpv3cHkRL85456bevb161oRRFQuDwRzkZ3N2HsB/hUckBk3lC21lPPQt6sx9u1W1oZxepguqAFQQR0HGKilt1YZKjPI5+tX57ZQ+Y1bpuJJ59qgK44x0HT1riasz0Yu6M77MewI4784pyWrohC5BbuBmrwRuGz2/zmpFbch29hyaaYNXKa24iUsFJc5JOOtTJbgx7UXaTzzyatqhVCdqk44+uOlIwO0cggcD1q7j5SotmrDnOOnPerEcKqPlH/AepqTknsoyMjFAYBSduCR69KlsOViBcg/KFLZq5b2/lquFWWJBkoykEfjUCgH74wcntWlbLls5YSLkgc4Zen9adNXZnWaSJpLSNmWQIBj730IwfxyK53xBEwVzIu6NFJx1OO36/nmulMoKIVHykeWB14rHutsqmF23ZJjyRw3B/zmupxujgUrSOcaNZLNJ5Zj5bHao8vONxHOB6HIrFui9pMIGj3MDyScq4B+8Pbk1veQyWslrKzk4K7mxuILEKfQkH+XvVTRNMmvtQcXX72KA4bJ/1j+nuO9SolSm7FjRrFWT7SFfCr8u7+8euPYAD867LRoxkY7VXkgVIlVQMADtWjoy4Nd0NIHDPWZ0kI2oKJJNtOXATr2qpM4z1qUDeg4THNWUYMKzTKAOtTQ3APGatxJTLj/dqnJ96ppJPkzWZNdYeiMWEmkjQh6irXasu2uN2KvmT5aUk72HF6A0mDipUcYqi0ql6tRnK9aTQ0yUtz1o34plHNRYq44sfWo2anYPpUcgPpTQXHg5Wq03WrCfdqCYc1S3E9jF+Hhx8OfD3/XjH/KtqVsmsX4eDPw68Pf8AXjH/ACroTDk0ohJXKgNSxH5qlEApwi2niqbJUWiT+Gqkw5q5/nFVJ/vUo7jlsENYHjjxnbeEdKL5WS/m4t4Ce/8Aeb2FS+IPElp4Y0WbUbllLAEQxk481+wHt7+1fN2u65e67q0uo30xkmkPPYKOwUdgKUhxIdQv57+7lubmVpZpX3u7cF265qg2N3K8Z5WnsODyOe1MY5APYVJR23hHV3mjuEkJ84TFiAMcNyBn07V1MMhX5EjYJkvkvnrzjj+VeS2V9Jpd5Hcxs21T+8UdGXP869VsLsSxo0EgVXTcJFPJHpXLWbhK/Q7KCU426mxJGxVY8sWOGde44xtH9T9aSKOTc298K7ZTts9z2P8ASqtnMTIpmXDhgvXGRzj+dW/PijcRsRtjAZyxGBg9PTmqTTV0RKLi7MuReXbIYod29ySzrj5vck1MiKwAYZXPJ68D9MnpWeJ3HllJFC5+ZuCPYY/DpVoXSS7IkJAY9BjHHPWmTc3I51EbvtGADwx4A6ACiNnlBZ2wnqeBtA5J/Afyqn56LIinA8v5Qx7tj09Oae82IGjjk6vt3Hg9c4/z0oBMglaM/OCXPGSc9e2B0596ryRfKHZflOcZ789R/nFS5VbaVYw/ynJyeTkjJOfYAe1XWjiKNIBkmJNrH0JrCdO510q1kYhVlLjdn/e/woiYAD5TnPOe1al1bBiwQMBj7+eSf/r1nRwqqhVI3c4xk9+tYuDR1RqRkWosMMg5A9OaJBgnMo7/ACgc00gxw7Uzg4AK9+fWmT7VO77xVcgA8HnnnvTSbBysNyGXrwMnBOM1LFEHOC4ZdueCOfTpSuEXY5TCH5j2x71YhkjZvOt1KupxInQ4zz7EH0NOMNSZ1LLQmtYTkJPGoVuAoIz6ZB7irUaCzdBn5CcA56EUzzdyxyRqQqsGBx/CTg/qfyp08qm2D784cAMPcf5FdEYWOGc29ySeeOEqQDjO447HB/wrmbmWKWFn3ncTuVR/h69vyrT1G65KqckYQDrgjGc1htvllz/EvO/0I7/X26VolcxvYVFe5RMfKzsxYEdOMYx9efrWvp1ulspROmT/APXqjFhS/wB45TBP0rRscnGa2VPlVzB1OZ2LrLlavaau1qhEeVq1ZKA2K1jsZzepqmTCVl3Nyd+K0H4Sse4/1hq6a1IqN2EMzGrFo5JwTVKrVp1/GrlsZxbuab/6usaf/WVsP/q6yLj/AFhqaZdQns+taLsRGazbLrWg5/d0p/EVHYzZJysuav2t1uxmsuf/AFhpIpmjPWqcLoiM7M6RG3VMq1nWk24c1dM4QVzyVtDpTvqTEAVE5GarPdg8VGJiTQosXMi5x2qtN1qZCSKhm601uD2MX4eHHw58Pf8AXjH/ACrojMBxXOfD0f8AFufD/wD14x/yrZkyGoSCTsWfOHrR5w9ap5ozVWJ5i55wrM1jVbTSrGW9vZhHBGMk9yfQDuan3BQWJAA5JJ4A9zXiHxK8Z2viCaLS9PYvaWrl3lJ4lfpx7D170WsC1Of8Y+K7nxRqpnmzFbJxBBnO1fX3Y9/yrmnyORg8Zp7MM49unrURcAY6fjWTdzQRieoHTtTTgdRk+p6CnAblz0FIRwM/UCgCF8lRknrwK6bwhrRgc6ZMeOTCzH/x3/CucyMH+dR+Y9vOs0fLr69D7VE4Kasy6c3CXMj2VXVo1JP5HkH1pWVzy4O8ADzFPI98d/6Vj6Td+fp8N5GfMgfgnPKHuGrfhkEqgAjmuD3qbsequStG5BPJFG2x5YmGcLCBnnp/Xp/9er9q6qWaKPfIVwxzk8DOCen+RVOa0835WVHGc4ZazJbq+s5mjkkV1kyEOwBSSMYPato1U9znnh2tjpDcu8wLFDg4wCMA+ufwxUhvQksSqNykg4bk571zUd/IkyNJIChJBGMdBj+dak0qRAbvuuMAjp71opJ6mDg1ozXlmAlkjHP7sdBkdf8ACrdsxdFDE48oLkAYOD6f57VkwXyTqrkjP3hjoeP5HNW0vGjhKMQVI6jnGBgfzp2FexedZi08UZwXTIceoPI/IVDND5cwWIgneqMo6ADk/TrmobW+L3oDLiMt1Y9eBjP507zkM+yP7rM3YZJI5wPw/WpcblxqNDA4AeMAgsQykfxZ45/QVKu1khJOAUYYb68N9faqby58kMihdm5B15wRgnv/APW4pbS+5WPaHwpZGPVuec+vzf0qeQ1dUfl5oTJESshfayryU5xkfU81bsUMV40z7im8q2e3bP4frRZ7hv3hBLk5K859SfUccU+e/t7UESEFckZB4JPJ+gzVKmlqZyqtqyJRL/ooCPltzsvGMD0P4YFVbnU0toyCQrHnaW+6K5y88SLGpihy8i7ue2T/ADrn5rm4upCrSMS3PBwOtEqiQRpORvya+k8qqn+rUkbyepJq7p5kktVmlH7yQlsdgOwrmoLV2dYoV3SMcLjux6V0dhqf21TBPB9nvrdQk8PYYHBH1qsNPmlqTi6fJCyL2TWvp8eSKyokLuBXT6dbYQHFd0zzoFjy9qUWx/ecVNcYWPFVrZh5lOK90Un7xqNyhzWPc/6w1sj5kz7Vm3cR3EgUQ0Y6iuilVyzXkVTAJIFadnHtGTVz2M4LUsyD5Kx7j/WVsyfcNY1wf3hqaZVQmsutaMn+rrOs+orRk/1ZpT+IqGxjz/6w1GOoqWf/AFlRDqK1Wxi9zVsxxT7lyqnBploflp9wpZTWL3N1sZyTndyavQSbiOazGjYN0q7ZqwIyKqSREW72NeP7tRTdalj+7UU3WsVubvYxfh5z8OvD3/XjH/KtyZDmsL4dN/xbvw+P+nGP+RrpWAP1pJg9Shz6UEgAknGOaxvFHi/R/C0ZF5KZLojKWsJy59M9lHua8X8S+PtY15WjeUW1o2SltASB9Wbq1XzE8pv/ABK8eC8Z9C0qbNsGxdTo2RIf7in+6O57mvK5GC/MCfr6ipM4ABI57CoyFOcZPPOP0rNu5aVhhYcHIYnnrSBgSSSc+mKaVB3Lnp05pq9Mg8d8HpSGT/w9/b6004LKPw5oUcfNkjr1pVwOnLDt6UANziQjOMccU0glQBnHNKRjGSAOg+lBOAcZ9eaAOg8Ha8ulagbO4JFpc9m5Ct/9evRLjT5baMXtluks25aJfmMfqR6r/KvF5FLIeoPrnpXrnwx8QHUNNm0+6b/SbUjHqUPQ1nOmpqzNKVWVN6F+0njmUESZzwMnj6VJcW8dxGyugYMMHPQn3rT1Lw7uZrnTgFkOWeHs/uOwP6H2rKhnODGyFQvDAggqfT2rgnTcD1qdRVFoYVzbvZsQ25rc8ZPJX60o/ekFm/h2/UfWt2eNWj3EA5AyeuayJrJ7f57ZQVB5jJ/l/hSTaKcE9SCNXtpQ8OFAP3eo+lWH1yVoGiaDZIQcYbqM9ie/WokliuFwjEN0ZTwQfekktzg7ePxq41GjGVKLJ4NbjUb2WYDoCcZUjABqSTxEQhWMPuC434xn/wDX1/rWNPE2enOckj/DtUCybeoGO4rT2sjP2EToZdZ2KohO9gBwM8cDv6UsWtGGcP8AZ3K4JJOCTz0x2Fc+s+7HGPx61ZMpYZOD3PSl7SQ1RiXG13UAwKuiAZxjBJPrVJp7m5YmaV9nPyqeB/j9aFj8whjwKsiAnkcAmoc5FxppFQofuqORxgdBVyC38pC7YLE1ZhtQnLDn+VO4HBHK8461k2axiRWsnkXsJyAwy4B9q3/EFk13pJ1iwby722TlwPvr7+tcrd8bLoHDJJgfTvXb+GrgXdo9u/KMCuO2CP8A69d1GNoI4a0rzMLwr40067l+zam6WlyDgM5wj++e1ep2pjMKvGyspGQynINfNPiTTjp2tXdnwPKf5cjqDyKs+H/G+teHiI4Ljzbb+KCXJX8D2rojO+5xzhbY+g7uXPAqtE+18muO0j4i6XqpRLkm0nY9H+7n611iyK6h1YMD0IOc12Rs1ZHHO6d2bsDhlxmlkiD1m29yVHWry3KEdaycWnoaqSaGC05zVhAqDAqJ7lQOKhjn8x6NWguky3J9yse4/wBaa2H+4fpWPcf6yqpkVNiaz+8K0ZMeWayIJQhGauPdApRJNscZJIpT/fqKnSvubNNzWi2Mmy9aS44zWhw4rDRip4rQimbArKcXe5rCROYFzyKU7YhxUTzkDrVKa4ZjjNJRbG5JGtDOGNSSHI61ixXJXr+NWUvN3eiULMpTTRk+A7hLf4d6C8jqiJYRlmY4CjnrXLeLviq372x8On7vD3x5/BB/U15m3ijUr/wxpmmyzlLK2t0jWGPhTju3941mtKFHPzf0rJvQuKZJcXLPJJLJI0sz8u7sSST6561SYsx3E57kcUpB2849ahcZb7xLZ4IqSh2Nw65Xr0pu0bs55/Pimo3ft/EKOemMkfqKQDHIG08HHGMdaYRsJxxg4qSTJU/KcdMelRlg4Ulc4wDTAkVsopwDnv6VKxOSuRj26VXRucEk9hmplXI6tx7UAKFBAOfSkO3JA59xzS46ZBx78UuSCBn647UARuuVOc1f8NaudC8R296ciJv3Uv8AunvVI8jqevWoJU3IRwTg4oA+ntNuUu7dJEYMrDIPWmaro0N/+9jPlXKjCye3ofUfrXnnwl8RSXFrNpE8mZLbBjJP3kPb8D/SvWYhnB70nFSVmXGbi7o4OaOSHMM0RjuB97sGHqPUVnOTFJuPHrnpXomo2EN9DslXkHKP/Ep9q4u8sHtpWguB83Zx/wAtB61w1qLhqj1MPiIz0e5kXNilz+9iOyTpuHNVv3sJC3C8dN68j8fSruWtnO8/uyccdBV+NYpwQVBU9fQ1gmbyiZH2TeuQe34VRnsNxOOST/DW69qbQloMtFj5l6Y9x/hVmNreeIF44yD2Iq0yLHHtYTJ0yRU8FnL8pKE104tYzuKjK991CWsZPy8j29adwMyCz4+fjHfNW47ZVBJAwTkVcMQTaSDjP8OP1odwqqAOT/nNS2UkVbn5IzxwOc1lSy4Q88+1WNQnDSFQ3ufSs26kZiI+QSSD7CoWrBuyI7aRrxY4yCCjkt35zXT+DZGacxjGF+9k4wff/CuXspRCXTIBL5J9a6rwPb7r65kPMauMDHevTi7xR5U002cr8T7cW/icTjkSxrnjrxj+lcHKvzcHGea9M+LEe67gdRysWc+uGNeaMQy8GktyZdBElI4/IV1Ph7xhqGhHEbtPa55gkOcfQ9q5LgDvx3qRHxzyPetIy5TKUU9z3DR/HukaphJZDaS9NspwCfY11sTGZA0ThlI4KmvmlfmyO/p61t6R4o1bRWU2d46oDzE/KH2welbRr9zF0ex76YpD3NWbSBgea4fw58UdPvmSDWI/sc5480cxk/Xt+Nek2bwXMSy28qSIwyGU5BFU6l1oSqeojp8lZNxEd5NdA4GO1UpkU5OOaUJDnC5h4IOKlSFnHU06SP8Ae1oQRgKDitZSsjKMLsofZT3pfshNamB6CjA9KjnZpyIzo7M5q/HbALT1A3dKtL0qJSbKjFIovbAis+e32mt1ulUplBNOMhSiYjDbxQrFTVyeDviqe0q1bp3MWrM+Z7KTFhajnPljgfSlLHdnOPeorPP2GAcj5AQam4IycYPYc1xHaNUnqCcj16mkxuxywP8AD9aBuJxySO/tQ2WOenf8aQICR1AwM8+1L1OBnI6Y600KByeMjBH/ANelBXIxjI9O9ACMMjgH69DUWCSR1JGRxUrHBJHUnNRyEKFbqM88Z4piYmwqxBwecnjFPThepP0oIw4547YNGAAAeaAHkHJO3joAT+tLtOQP0JxmkUYHVWPbn9KVVIIIA69SaAAdRkg4x1prjGfmHJPIHFOHAHHPYdePegvlsfLx2oAveFNSbRfFdldZxGz+S47bW4/TivpS0m8yEMDnNfKsyfJ0H1x0r3rwFr/9seHoJHb99GPLkH+0vHP6fnQNHbjk9arajpqX0JikXnqrDqtWoCCuf0p7yMMgD5qGrqxSk07o4G9spLabyLlADztbrvHqKyXinsjuh/eR55Hoa9C1HTkv7Zo3wX6q3dTXEyxTWkzxzDEgOOa8+tS5HdbHqYevzqz3I4rstECrAe2Kgd1DFkUL6jNRiCMu0kb7G/iHY0uJGAWXaN2cMp4/z7Vkjd2J4L5CwXIPbng1cjlZm4+6eh6VkvDgccDucf5xTo5XT73QdD2P402FkaxYbcM5PHGT/nFZl1cpCu1Tvcjrn+XtUct/8p2kZ6jH8zWa0hc5yWyM5P8AnpUsLjHcu7Fzwp5PQE+lVDOJbiX5sADge1PupfItu4djhQeQKyYJGWZ1J5Py/wAqqK6mc30LsGXvk28LgsfpXqPg22SHS/M2/NKS5I/z7CvK7UsL6NU5aQ7AB78V7dYQLaaZFEAMKg6duK7KT904K+55h8R5RL4ggt+ubRuME9WrzRcKSrdQcfWu08eXW7xyOQPLhReTgdzXIXyeXezBRxv3A/Xmr2lYzesE/MhYYb7vvg9qYeOv1FSHGOBnvzTGySS1UZjlfnBzkVPvyMgcmqmSDnoO3c1Kj7uDwaYiwrHjO3rWzonibVNAnEmn3bKueYycoR7isInseh60obAwCOe5pge6+HfitZakFt9XRbSfp5gyY2/Ht+Ndyksc8QeJw6MMhlORXyoHIzg10Xh/xnq3h9wlvcGW2GN0EhyuPb0qouxDjc97l/1tXouErhNG8eaXrUixuxtrgn7kh4P0NdrBMhQYOQa2eq0MY76lnNLUfmL60ocGpsWPHWrCMOlVelSI2KTGiduhqpL1q0eVqrL1pRBkJG4YqpND3xVykIBFaRdjNq58l2i7rCBQSPkBGPXFShSrZ4w2R9Kgs/8AjygUngKCvOO1Skg5IHB46f55rnOkcR055BxnHGKCoXPQZ7daaC5yepA9aXBUHJHFAhBk8DGWHFHOCwJx6UYI6kn680uO3J7DJ7UAJnlRnGD2pjodm0DnFPPRduT1B5qNmzz264/z9KYhVIdA3U4I9KXICdwetR25yrg5AVyOv86kUjAIAOD+NACgZ4wBx37UqlQDhhngUDaCck47il7fexxjp2oGGfmONuB/nFAJGQCMcfWkyOzHnIoHyk8r60AIwGCM4Jzg9f0rqPhxrf8AZuvvZPJiG5GUyeA4/wAR/KuWIPQ4HPWohI8N0s8XyvEwZWB6HtQI+qbKbzIFxyMcYq4FydxNcl4N1hNU0e3uQfmdRuHo3QiurLnb7joKZRHLIBJjIrN1rRhqEG+MbZwDtOevtVtSHuQO/XNaDkJH6cVMoqSsyoycXdHk06S2tyY3BEkfyyKw5z/L+lNFwBGQFOM4GR0rtfEmifb7X7VboBcxjOB/GvpXECIKpzx2Oe1ebUg4St0PWpVVUjceJXK8uXx0yBx/jVWeYkYAXB7jtUkgOAVJ/D/Gq4WRif3Y44z6VNzQhbfLuBICDrgAZzSpF5mFTsPTp9KnWEyShAzMT94KMVLLCtpbsCCMgsQD1+voKQjnrtxJdlR91Bz3rOA8u6yeSTyfSr9sTL5kmM5J69Klh0O+1C5X7NA7IT/rDwv51pFX2MZNLU1PBmlvqOvxNtJhtxuckd+1es3LeVCQvGBjisrwroS6NYiMnMh5dsdTWhfHJwOSK7YR5YnBVlzS0Pnvxjc+d411OVT/AKuUID1+6AP6VFqmZFt7g5G+MDB55qXxlYS6f4tvg6kLNJ5yE/xA/wCBqEf6RpKnjdE/OAeBTqaNMVPWMomd2GeBS8MCACB3+lBQKM5z16UmRnk5pmQ0EgHA5pFODkcH1PrTiMZzye1NIwfmyaYywrqfUY6j3o3Z4wOuagV2DZB5xzxUoIIBx7GmhDwTyO/T6UoOMenakOMbepH60gz04z3osIljl2nI475rrvDvjvUdGKxSu1zbDA2OeVHsa43O3t0pyPnJJPPp2pptA1c+hdI8R2mtWwmtJQfVM8qa2LaVi2DXzfp2qXWm3Sz207RyA9R3+vrXq/hXx/a3jJbaiwhnI4c8K9bxqJrUwdNp6HpY5ApVODUUUiSxqyMGUjgg1IKgssg5Wq0v3qnQ8VXlPzUkDGUUlFWQfJNrxZQMcEqgI4qwxDAnd93leOtQ2fNnBgceWN3pUyDI2g4AzjP8qwOgbuVTyDz1oBYMowOOnuaBkHAHIPT1pechu/0oAVhlcbeMdDSZJPbGKXPynOQAeeOtAHALdQccnrTENABf1yQTUcqseDyegz0qUAjbt9SKafugZyODz+RoArwYM74Poc46dqly3TA4zz3qOI4uO2dpwMdKnZTnnI7HIxQIag9Mgd6eDlsB9v17UwdQvf1pQTkhhgd80DH8nPzg59e9R4OTjHSnn0yv0/8Ar0hG1d2cH1FADSW5OM/TmmlD12DPX1zTguXK9lOfrQB/CDgnofQ0xHZfDLXf7O1WTTZHxFcfPFk8Bu/517ksoMQIPXvXywkslpcx3MZ2yROHXHUEV7/4U8QRa1o0U6thjkMM5KsOoP0pDR0SvsZT61bLblz61nk7pAOoGMVbGW2p07t7CgoniAbJPT+dcp4g0YiZry3T92f9YB/Cf71dMswkYqPljUdfU+lS3c9ta25e5ZY0xtC43E+wHUms5wU1Y0pzdN3PMCqKSTtXvnOfzFRyyb2ACHnooHX8K0tXjthfH7LG8W9d3ln+DPT6A+lZpgaWZY0Xe7MEUE4ya81xtLlPVjK8VIfCDuCLkuTgIi5J9quTeFdSvLfbPJb2ETjlp2+Y/wDAa39P03+zIfLtsef/ABz4zj/ZGegoOmJcSl5mLnvvOSTXdSwiteRw1MW9omPa6H4V0eAJPqCXEgHJB3En8KmvdZiMSxaTbuuzjz5QQqjjt3NaMltFCn7tFHbgYFY7WxlYlh8u4nPrXSqaickqkpEGmeLNU0m/jj1DZcadO/lrcbdrxMem4D+EnjNdrORIzOpyDjpXFXdrFI8cMkQML5Rl9iMVs+HruQ28lhcuZLm1IUueC6fwt+I/UUSQkzM+IPhc634f+020e69tMyIB1de6/wBa8j0r95BcW/TKbhlv6V9JxANDxz2+teIeKNE/4R3xttj4tbzMkOBwM9R+BrKesTWn8aXc488jjg4xTAu08YGKs3sQhvJo8cBjge1Vz8oByQOOacdVczkrOw0ncDgY9T60gOF6ce/enuvzE7QTk1G27vg+2aYB25wMU4NtJwDt700nHH8R6DHWgff5yD0AoCxMWVSRjOO9G7DbsYP+eaaBjGTz1HPSlGMZ5HHT1FUSO+bacjvg0btucdKTOM55x+tJ0bk/iB1pDJFPB9cVLFJswVJXHTFV1zkA04ZB6/SkB2fhvxvqWgyLH5hntu8Tnp9D2r2bQPEth4gtRJayjzB9+M8Mv1FfNSuc4HWtLS9YvNKu0ubOZopR365HoapSZLimfUMfSoZfvV5n4e+K8bskOsxCMMcCZOVB9x2r0aO6hvIVnt5UkjYZDKciriyHoOoBptL0qyD5LsiRp8KhTnaCPyqYj5sg5J5Ge9RWQIsoHHTYAcVOV4znO3j61gdA08kk9CAQP6Umc7mxxjIp+0gDODzgjPamqBgZ9xx3pgJjjgdRnpRk8jIPGfXFL8mcHn6GhFVSmQPT60CEZfvYwOQaHU5J2t1P5daF6KMckY6+lIWyOhAxkAd6AIOROpIGDkAetT8hc7iPYnOaikjLEFSc9j15FNjuGT5JQB/tdRQCJSBxnkkdBS5YHIJH480KwJzww6etIcE8fjzQA7LZw34ZoZlwMdzxR8ucgnH86TPO5QOD/DmgBygFBkj/AHsYw3eg/McAYHQ4Hel3beuGHfjt64pp4JIb5l4HuKYiN14IP3u/0ro/A2vHSNWNrKx8i4ICkno3/wBeuePIwMZUd+4qs46FGK91OeRQB9LWt0HReQWxV4TMlsNuC8x4/wB0GvOPBfiE6npab2xdRfunye/QH8q7f7UrMfLztUCJM89Op+tIpGlFKkaEsSI4lJYnr7n8elY63kt5qJuJ/kQrtiQf8sx2/H1PtTtQmVhFZEMN2JJME8n+EH26nFVbe3lL7UlBTA+Y9qpaK7E9S1f6Wurw+ZDsjvl49BKB2PoRWFoNrL/wkjRXMZjMKMSj8EH1rfzd2km5o9yE8lOw+n9ani1K3uJFeZVEuNiybcED0JrCVGMpqaN415KDgy65VBtwATUQVpNxjGR/eI4q1EkBUNku3oOeaHkPC7WwOgx0rpuc9jOmtQVwdzfjgVQmhMbYCjHTgVtkq3/16huIEZRnPtTvcVjnb2HAifbgBx15/KoLnzbO6i1KCNmeHIkRTy8Z5I+o6ity8tiLY8crzzVMplO9Lcdzb069hureO4gkEkUi7gR3rn/iLow1Tw2buFc3Ni3np7qPvD347VmQXk/h++keFWksmbdNCoz5ZPV1Hp6j8RXaWt5bahbbopElR15XsQf8aylE0jI+edXUfbBKh+WRQwyvPPr7/wAqzvmKj1xj1710XimwbTbiW1+Yi2mZFJPO08r+OK53OT7ZI+tRT+Eqt8dw4EhB4O7tTMZViBzjmpfvPnHcc/hTSCTgY+6R6VZkRj5WP6mlbjleAadIBuxgEjHUc0wgIxByecClZjBe5FOG4DI47/Q00YAPX6mnDIHXr+hqhC4wnT3zSjlQeQew6U3k8k8H+dAOOcnn+dADz0znk0A8YJoznsB9fWk3Y+lIB4PY/nmnBtw7YPrURIxt5z2FPB9Acgd6BliOVcEMPlIxiun8I+Mrvw1fCGZml09j8yE/dHqv+FcjncuMkHrzTZGJUMDyKE7CaufUtneQX9pHdWzh4pBlWHcVYHWvGfhb4oe3vho9xIfInyYcn7ren0r2YHkVsndGTWp8lWZIsoVyc7ARVk9D94j73NQWZ/0O32jI2DnHtyKmB+VSGznK+lZGwHG1g2PXFLI/zn1z1xTUI+XH0JpADgZLf3TjqaABuh+QnPPT+VObOSSvAOelNPIX1PQcUuc++QR9TQIDglThshvSm56DgEEjJFORzt6ZyOnpQzcFsDsQM0ARYwvJK9Oab5YfOcnHPrUxIAZWXjkf1qMDoByDnHGeKAIGiMMu6JiDnt0pfPIwJV2kYwQam2k4IAxjv60x9oAz9MYpiJCSzAL0IJGO1OUY+6AMDj+tNgiCD5s5PIPb6UuAeMcnrnsaQxc7QOOByuf5UgxgLyB/Dn+VB3MSM4Ocn2oIJBByCDhvY0xCcfKV69s9jUbnIwc7G557GlySpz1b0604YOcnrgHHWgC54f1h9G1RZScRSYWUegz978K9g0i8EsttGrAq5yhHRsnmvDnG3jqRxx3Fdh4N1/yRb2b7vMgk3RsOdyHt+FA07HrUsDm4knGHEh+dT1HH/wBaiB2gn+UFsr0IzjIx0rSt2jeIOrBgR8pzzg9Ks/ZIZV+ZCHA+8OOPWraTQtiijfaIxEowpXHGfzNMl0xZD3Izj3PtV1rSaE7ozuHUAUscql0DgqMdf61Cjyqw7mNf6sfD9hbzzK7wG4WGYqcFFIOGHrjiulSPcOXzwCPcdjXFfEaYLpFrAGBNxOWwR/CAefpyK6Hwtqa6l4esbltu4L5T4HUrwT/Kp5vecTRwaipGo0IDYwuT74qCVdvyg4yeqipmbK5IxuPHBpETe2SS2K0M2R3EO6JhjPGKyfs4KAdeK33XI9fbtVZIAUXr0poRyeoWxR34yHUjGKg0wyWsSTwnBIGVxw3/ANeuo1Cz3wErgFSDk8YHesGzhLwKgVs5KgMhU9Tzg/hSBLU5r4iWi3NjHqSLhpE2P7leQfrjOa8uHbd0z/SvTPHGqxrf2WhRMGZIzJcYOQhI4B9wMk15sy4LoR0OOeKxtaTRs1eCYwMO/tk0nJPPoe1Ljpz25/CkBK4x0yaoyAuTnJ7DtxSlck4A4zTSwIOR1AI9adjk8/xHg/SmBGFIbnoaUHJHGD0607nYCR27UpQdMdT19KAG4HPPB4JoyAOe3BGaQnOeOPagdAMfnQA4Ha2Oo/Kgnc3t1+lAzu65x6UjHn1+lFgELYz3Ip4JwOc1CD8w5+tOVtuOuBQBMDj6+tIeW/rTfm4yfajOBxQBLply1heQ3EZIkhkDr+FfT2lXiahplrdo25ZYw2a+Vo3xO4/Gvf8A4W35vPCMUTNlrdzH9B2qk7EyR4DZ/wDHhBxwqg8/SrKDh+PQj2qGyx9hhHpGD6/pUwHz4wCp7VJYrfMNwH8IOM5yfWkYE5BIPTHNCyAHBOR/FkHrmkB6ZA4+U8fpSAQBiCCM87sYpp+XtytPC7mHIJ9jSMW3FsHJXPXrTEIBgjOFw3TrinBcAHgdR17U3nceDkjIpR16YOQcY6UANIBGTnJA603GM/L9BT/4h0GCc9PSkB6MvQc8flQA0kAYB6EgimQqskq7s+Wp7dM01iWO0HJOOPSrCbUjC9fUZ60AOkKhc4xyMj0PrUZ6ZPbr6U9j82Dg4P4YpoB6huo6+ooATPf+I/qKOvVuQMc91oUZwOueR6Z9KQ/I2cj246UxDG46c54+vvThyfbpk0MMEnGQemaBjPzc46Ad6AE2gjb/ABAcUQO9lexXSA4Rsn3HccU7GemOOcetOxuIJ43Hn2NPYD3Xwvei90GBlbJj+VTnqByP511ltKJIwD1HX/69eY/Da+D6FNbq+ZreUblPUJjgj/PavR7N1kO9Rgmi4LU0FB/rUdybe3gluZ28qOFGeR/YCpl78nArlPHWoNFYQaehGbhhJLn/AJ5g8D8T/KoqTUYtmtKDnJRRwOr315q9xJeX2MgFYUU/LEg7AdyRgk+orqvhnfl9PvtPbgQuJk75VuD+orkZIxjcwHJwPUe9aPhO9bTPEUGWHkXREEoPfJ4Ycdj/ADrhpVXz3fU9GvSXs7I9VnQm2bDZIHHFSQncqHGQRxk0hcCM7sDqD16/TFFp8sPX1wfb0r0TyyVxg81XjHyDjvVkZ529ajgIOee5HT3o6iILwMts7ITnHUce/WuYe6uYbG+uyiSXYz5QJOC+OB64/wAa665XdC474rnNQslj2sWxHKAN391qoR88pezT6n9uuZC80ku+R25yT1qzqClL6UA/eIYEnk5qPWbI6drt7aNgGOU4I7gnI/nU+oYnht5xg7o8N827kYPX1rCWk7msNabXYpbf604kbjn1PWkJOADnr/SkKjcD1Gf6VRAhYMM98U7bz75/pUZ6YOT8tPHD8dyMflTEhpyV4zgj+tP6cnBw2OfpR/yz7A4OKMHPr6HpjigYilee3FNY4JoAGG+YdOc96TpzyD3x0pCBSc9MY5GfSlf7vpjpxSD5W4PI5pTgnj8PSmBGe559sU8dumaiBIIzgGnZO1fp/KgCTd8uKRjg/hgUgJxnGDSk5RQDn3oAhQ/6S/Fet/Bm/wAXWo2BPBVZVGfwrySLHmv9a7/4SzeV4z2D/lpAyn8DmmgOFsxmzt+c5jAwPxqXKqVwefQ9vaoLT/jxgOOigcH61MBwRkjkjjsKQD8HpycZyOlKysS4AOSAw/Cmgg4JPbj3pdwwpHIzjkYoGJnawbgcg4/nSAY29+vNOUfwsB3XijK4yF44PXvQIaCCMdc5zQMsCcYJU5oJAkY4JG7JOPWgDLYwQu7ufagAJHO09CrHNN7DPqQP50FgQecAKDg+xo5VhnBG/A9MGmBHb8mQ5G4HOKl3ghdufbjoaqMfKmyQQrNhgP51aADqSBw3JGO3rQwDHcEex64NPLYPUhSe/UH/AAppJBOQCfUfz/Cjdnvwep6lvpSAaQCec4zz+VG0EYOQe+B+tPyBkYGRxjswppPGSOB0OOooAYWIwDjd79jR1+bBwOeaUgk5Of8AGgli20DH+NCEKAONpyGGQfTnmn5XJI4DdeelRnIIxz6Y6A5pwPBPBVuD7UwOl8D6kdO8SxR5Cx3SmBiTwT1X9ePxr2azlZJFOSoY9K+donkilWRDiSIhlI9Qcivd/D+pJq2jW92B/rEGcHvQxxOxQ71TB5Y/lXm3iG6Oo6tc3AceWGEcfsFyOP513PnTNYyiIKZdpRCT0Y1xd34b1izB3afKy4+8i7x+lcuJ5mrI7sJyJtyZz0qludwOc5JFV1le2kimwTJE6uMDjg5/pV27hnikbzIZI+MnchGP0qhKhVS7/dAJO3vmuKF09jvnaSep7TFJHcQJPHkpKokUjHQjNTWy4JGSc9uKwPBsrHwxY+YOiuFJ5+UMQv6VvwsGl6Dj3/8ArV60XdHiyVnYsMuBioLdiS2c/eI9KmOSD6+1RWoA3cdSev1pkkjLkHj86xrxTJaIMZAJBHWtwrknPT3rKbHlOD0DnFNCPBfiHZC18UNIFwtxCjgAZ5HB/lWTHmfQgMN+4kx93jB9/wA8n6V23xWtQBYXOPus8ZPsRmuH0kiWO6gJAMiDAOckgfy+tZ1drmtH4rdytgHB57ZBo5LDHIyMZpuTnJ5IAH05pcD07jg/WmZ2IyCucjsc/nTC5WXB5GB1+lPycfMc8YoZQ5ORwcAZ/pTECuGQhfQ5zTi/Y56j+VV5YmQ7lLcZA9qfFP1DDnIx6UDJAxBIPv8AjQ2AM/56Ufe9O/NNYYHDcDHakIAOcDBx3zSjrxgd+KYOTnOTT8/3cYpgRnJY5/CnKBnv16UznewHrxShjn146mgQ/nHYdsUjHjj0pCQVOeCeRTcg9+SaBiREEsuOSTk12Xw1lKeOLHH8QZT+VcbHwG9c5rqPAkvleNtMf+9Jj8xQwP/Z, filename: photo.jpg }
