https://api.telegram.org/bot123456AAABBB/sendMessage?text=foobar&chat_id=123456&parse_mode=html