https://api.telegram.org/bot123456AAABBB/editMessageReplyMarkup?chat_id=-987654321&message_id=123456&reply_markup=%7B%22inline_keyboard%22%3A%5B%7B%22foo%22%3A%22bar%22%7D%5D%7D