-
    - { text: test, callback_data: 'action:test;id:1' }
    - { text: delete, callback_data: 'action:delete;id:2' }
-
    - { text: 'ðŸ‘€ Apri', url: 'https://test.it' }
